Archive member included to satisfy reference by file (symbol)

C:\Users\Vergil\Documents\LPCXpresso_8.1.4_606\workspace\CMSISv2p00_LPC17xx\Debug\libCMSISv2p00_LPC17xx.a(system_LPC17xx.o)
                              ./src/cr_startup_lpc175x_6x.o (SystemInit)
c:/nxp/lpcxpresso_8.1.4_606/lpcxpresso/tools/bin/../lib/gcc/arm-none-eabi/5.2.1/../../../../arm-none-eabi/lib/armv7-m\libcr_semihost.a(_cr__main.o)
                              ./src/cr_startup_lpc175x_6x.o (__main)
c:/nxp/lpcxpresso_8.1.4_606/lpcxpresso/tools/bin/../lib/gcc/arm-none-eabi/5.2.1/../../../../arm-none-eabi/lib/armv7-m\libcr_c.a(memcpy.o)
                              ./src/UART.o (memcpy)
c:/nxp/lpcxpresso_8.1.4_606/lpcxpresso/tools/bin/../lib/gcc/arm-none-eabi/5.2.1/../../../../arm-none-eabi/lib/armv7-m\libcr_c.a(ctype.o)
                              ./src/UART.o (__ctype)
c:/nxp/lpcxpresso_8.1.4_606/lpcxpresso/tools/bin/../lib/gcc/arm-none-eabi/5.2.1/../../../../arm-none-eabi/lib/armv7-m\libcr_c.a(fpprintf.o)
                              ./src/GUI.o (sprintf)
c:/nxp/lpcxpresso_8.1.4_606/lpcxpresso/tools/bin/../lib/gcc/arm-none-eabi/5.2.1/../../../../arm-none-eabi/lib/armv7-m\libcr_c.a(initio.o)
                              c:/nxp/lpcxpresso_8.1.4_606/lpcxpresso/tools/bin/../lib/gcc/arm-none-eabi/5.2.1/../../../../arm-none-eabi/lib/armv7-m\libcr_semihost.a(_cr__main.o) (_initio)
c:/nxp/lpcxpresso_8.1.4_606/lpcxpresso/tools/bin/../lib/gcc/arm-none-eabi/5.2.1/../../../../arm-none-eabi/lib/armv7-m\libcr_c.a(printf.o)
                              c:/nxp/lpcxpresso_8.1.4_606/lpcxpresso/tools/bin/../lib/gcc/arm-none-eabi/5.2.1/../../../../arm-none-eabi/lib/armv7-m\libcr_c.a(fpprintf.o) (__vfprintf)
c:/nxp/lpcxpresso_8.1.4_606/lpcxpresso/tools/bin/../lib/gcc/arm-none-eabi/5.2.1/../../../../arm-none-eabi/lib/armv7-m\libcr_c.a(setvbuf.o)
                              c:/nxp/lpcxpresso_8.1.4_606/lpcxpresso/tools/bin/../lib/gcc/arm-none-eabi/5.2.1/../../../../arm-none-eabi/lib/armv7-m\libcr_c.a(initio.o) (setvbuf)
c:/nxp/lpcxpresso_8.1.4_606/lpcxpresso/tools/bin/../lib/gcc/arm-none-eabi/5.2.1/../../../../arm-none-eabi/lib/armv7-m\libcr_c.a(stdio.o)
                              c:/nxp/lpcxpresso_8.1.4_606/lpcxpresso/tools/bin/../lib/gcc/arm-none-eabi/5.2.1/../../../../arm-none-eabi/lib/armv7-m\libcr_c.a(fpprintf.o) (__Ciob)
c:/nxp/lpcxpresso_8.1.4_606/lpcxpresso/tools/bin/../lib/gcc/arm-none-eabi/5.2.1/../../../../arm-none-eabi/lib/armv7-m\libcr_c.a(strlen.o)
                              ./src/LCD.o (strlen)
c:/nxp/lpcxpresso_8.1.4_606/lpcxpresso/tools/bin/../lib/gcc/arm-none-eabi/5.2.1/../../../../arm-none-eabi/lib/armv7-m\libcr_c.a(memset.o)
                              c:/nxp/lpcxpresso_8.1.4_606/lpcxpresso/tools/bin/../lib/gcc/arm-none-eabi/5.2.1/../../../../arm-none-eabi/lib/armv7-m\libcr_c.a(fpprintf.o) (memset)
c:/nxp/lpcxpresso_8.1.4_606/lpcxpresso/tools/bin/../lib/gcc/arm-none-eabi/5.2.1/../../../../arm-none-eabi/lib/armv7-m\libcr_c.a(__fillbuf.o)
                              c:/nxp/lpcxpresso_8.1.4_606/lpcxpresso/tools/bin/../lib/gcc/arm-none-eabi/5.2.1/../../../../arm-none-eabi/lib/armv7-m\libcr_c.a(stdio.o) (__filbuf)
c:/nxp/lpcxpresso_8.1.4_606/lpcxpresso/tools/bin/../lib/gcc/arm-none-eabi/5.2.1/../../../../arm-none-eabi/lib/armv7-m\libcr_c.a(_deferredlazyseek.o)
                              c:/nxp/lpcxpresso_8.1.4_606/lpcxpresso/tools/bin/../lib/gcc/arm-none-eabi/5.2.1/../../../../arm-none-eabi/lib/armv7-m\libcr_c.a(__fillbuf.o) (_deferredlazyseek)
c:/nxp/lpcxpresso_8.1.4_606/lpcxpresso/tools/bin/../lib/gcc/arm-none-eabi/5.2.1/../../../../arm-none-eabi/lib/armv7-m\libcr_c.a(_fdopen.o)
                              c:/nxp/lpcxpresso_8.1.4_606/lpcxpresso/tools/bin/../lib/gcc/arm-none-eabi/5.2.1/../../../../arm-none-eabi/lib/armv7-m\libcr_c.a(initio.o) (_fdopen)
c:/nxp/lpcxpresso_8.1.4_606/lpcxpresso/tools/bin/../lib/gcc/arm-none-eabi/5.2.1/../../../../arm-none-eabi/lib/armv7-m\libcr_c.a(_fflush.o)
                              c:/nxp/lpcxpresso_8.1.4_606/lpcxpresso/tools/bin/../lib/gcc/arm-none-eabi/5.2.1/../../../../arm-none-eabi/lib/armv7-m\libcr_c.a(__fillbuf.o) (_fflush)
c:/nxp/lpcxpresso_8.1.4_606/lpcxpresso/tools/bin/../lib/gcc/arm-none-eabi/5.2.1/../../../../arm-none-eabi/lib/armv7-m\libcr_c.a(_frexpl.o)
                              c:/nxp/lpcxpresso_8.1.4_606/lpcxpresso/tools/bin/../lib/gcc/arm-none-eabi/5.2.1/../../../../arm-none-eabi/lib/armv7-m\libcr_c.a(fpprintf.o) (_frexpl)
c:/nxp/lpcxpresso_8.1.4_606/lpcxpresso/tools/bin/../lib/gcc/arm-none-eabi/5.2.1/../../../../arm-none-eabi/lib/armv7-m\libcr_c.a(_ldexpl.o)
                              c:/nxp/lpcxpresso_8.1.4_606/lpcxpresso/tools/bin/../lib/gcc/arm-none-eabi/5.2.1/../../../../arm-none-eabi/lib/armv7-m\libcr_c.a(fpprintf.o) (_ldexpl)
c:/nxp/lpcxpresso_8.1.4_606/lpcxpresso/tools/bin/../lib/gcc/arm-none-eabi/5.2.1/../../../../arm-none-eabi/lib/armv7-m\libcr_c.a(_writebuf.o)
[...]
Memory Configuration

Name             Origin             Length             Attributes
MFlash512        0x00000000         0x00080000         xr
RamLoc32         0x10000000         0x00008000         xrw
RamAHB32         0x2007c000         0x00008000         xrw
*default*        0x00000000         0xffffffff

Linker script and memory map

LOAD ./src/ADC.o
LOAD ./src/BH1750.o
LOAD ./src/BUTTON.o
LOAD ./src/DELAY.o
LOAD ./src/EXTI.o
LOAD ./src/GPIO.o
LOAD ./src/GUI.o
LOAD ./src/HTU21D.o
LOAD ./src/I2C.o
LOAD ./src/LCD.o
LOAD ./src/RTC.o
LOAD ./src/SEVENSEGMENT.o
LOAD ./src/SSP0.o
LOAD ./src/SSP1.o
LOAD ./src/UART.o
LOAD ./src/XPT2046.o
LOAD ./src/cr_startup_lpc175x_6x.o
LOAD ./src/crp.o
LOAD ./src/main.o
LOAD ./Drivers/Src/debug_frmwrk.o
LOAD ./Drivers/Src/lpc17xx_adc.o
LOAD ./Drivers/Src/lpc17xx_can.o
LOAD ./Drivers/Src/lpc17xx_clkpwr.o
LOAD ./Drivers/Src/lpc17xx_dac.o
LOAD ./Drivers/Src/lpc17xx_emac.o
LOAD ./Drivers/Src/lpc17xx_exti.o
LOAD ./Drivers/Src/lpc17xx_gpdma.o
LOAD ./Drivers/Src/lpc17xx_gpio.o
LOAD ./Drivers/Src/lpc17xx_i2c.o
LOAD ./Drivers/Src/lpc17xx_i2s.o
LOAD ./Drivers/Src/lpc17xx_iap.o
LOAD ./Drivers/Src/lpc17xx_libcfg_default.o
LOAD ./Drivers/Src/lpc17xx_mcpwm.o
LOAD ./Drivers/Src/lpc17xx_nvic.o
LOAD ./Drivers/Src/lpc17xx_pinsel.o
LOAD ./Drivers/Src/lpc17xx_pwm.o
LOAD ./Drivers/Src/lpc17xx_qei.o
LOAD ./Drivers/Src/lpc17xx_rit.o
LOAD ./Drivers/Src/lpc17xx_rtc.o
LOAD ./Drivers/Src/lpc17xx_spi.o
LOAD ./Drivers/Src/lpc17xx_ssp.o
LOAD ./Drivers/Src/lpc17xx_systick.o
LOAD ./Drivers/Src/lpc17xx_timer.o
LOAD ./Drivers/Src/lpc17xx_uart.o
LOAD ./Drivers/Src/lpc17xx_wdt.o
LOAD C:\Users\Vergil\Documents\LPCXpresso_8.1.4_606\workspace\CMSISv2p00_LPC17xx\Debug\libCMSISv2p00_LPC17xx.a
START GROUP
LOAD c:/nxp/lpcxpresso_8.1.4_606/lpcxpresso/tools/bin/../lib/gcc/arm-none-eabi/5.2.1/../../../../arm-none-eabi/lib/armv7-m\libcr_semihost.a
LOAD c:/nxp/lpcxpresso_8.1.4_606/lpcxpresso/tools/bin/../lib/gcc/arm-none-eabi/5.2.1/../../../../arm-none-eabi/lib/armv7-m\libcr_c.a
LOAD c:/nxp/lpcxpresso_8.1.4_606/lpcxpresso/tools/bin/../lib/gcc/arm-none-eabi/5.2.1/armv7-m\libcr_eabihelpers.a
END GROUP
                0x00000000                __base_MFlash512 = 0x0
                0x00000000                __base_Flash = 0x0
                0x00080000                __top_MFlash512 = 0x80000
                0x00080000                __top_Flash = 0x80000
                0x10000000                __base_RamLoc32 = 0x10000000
                0x10000000                __base_RAM = 0x10000000
                0x10008000                __top_RamLoc32 = 0x10008000
                0x10008000                __top_RAM = 0x10008000
                0x2007c000                __base_RamAHB32 = 0x2007c000
                0x2007c000                __base_RAM2 = 0x2007c000
                0x20084000                __top_RamAHB32 = 0x20084000
                0x20084000                __top_RAM2 = 0x20084000

.text           0x00000000     0xab68
 FILL mask 0xff
                0x00000000                __vectors_start__ = ABSOLUTE (.)
 *(.isr_vector)
 .isr_vector    0x00000000       0xcc ./src/cr_startup_lpc175x_6x.o
                0x00000000                g_pfnVectors
                0x000000cc                . = ALIGN (0x4)
                0x000000cc                __section_table_start = .
                0x000000cc                __data_section_table = .
                0x000000cc        0x4 LONG 0xab68 LOADADDR (.data)
                0x000000d0        0x4 LONG 0x10000000 ADDR (.data)
                0x000000d4        0x4 LONG 0x10 SIZEOF (.data)
                0x000000d8        0x4 LONG 0xab68 LOADADDR (.data_RAM2)
                0x000000dc        0x4 LONG 0x2007c000 ADDR (.data_RAM2)
                0x000000e0        0x4 LONG 0x0 SIZEOF (.data_RAM2)
                0x000000e4                __data_section_table_end = .
                0x000000e4                __bss_section_table = .
                0x000000e4        0x4 LONG 0x10000010 ADDR (.bss)
                0x000000e8        0x4 LONG 0x428 SIZEOF (.bss)
                0x000000ec        0x4 LONG 0x2007c000 ADDR (.bss_RAM2)
                0x000000f0        0x4 LONG 0x0 SIZEOF (.bss_RAM2)
                0x000000f4                __bss_section_table_end = .
                0x000000f4                __section_table_end = .
 *(.after_vectors*)
 .after_vectors
                0x000000f4      0x144 ./src/cr_startup_lpc175x_6x.o
                0x000000f4                data_init
                0x00000138                bss_init
                0x00000170                ResetISR
                0x000001e8                NMI_Handler
                0x000001f0                HardFault_Handler
                0x000001f8                MemManage_Handler
                0x00000200                BusFault_Handler
                0x00000208                UsageFault_Handler
                0x00000210                SVC_Handler
                0x00000218                DebugMon_Handler
                0x00000220                PendSV_Handler
                0x00000230                CANActivity_IRQHandler
                0x00000230                TIMER3_IRQHandler
                0x00000230                UART0_IRQHandler
                0x00000230                USBActivity_IRQHandler
                0x00000230                UART1_IRQHandler
                0x00000230                IntDefaultHandler
                0x00000230                PLL0_IRQHandler
                0x00000230                CAN_IRQHandler
                0x00000230                I2C0_IRQHandler
                0x00000230                SSP0_IRQHandler
                0x00000230                I2C1_IRQHandler
                0x00000230                I2C2_IRQHandler
                0x00000230                TIMER0_IRQHandler
                0x00000230                SPI_IRQHandler
                0x00000230                RIT_IRQHandler
                0x00000230                EINT1_IRQHandler
                0x00000230                TIMER1_IRQHandler
                0x00000230                UART2_IRQHandler
                0x00000230                ADC_IRQHandler
                0x00000230                SSP1_IRQHandler
                0x00000230                USB_IRQHandler
                0x00000230                BOD_IRQHandler
                0x00000230                PWM1_IRQHandler
                0x00000230                WDT_IRQHandler
                0x00000230                I2S_IRQHandler
                0x00000230                QEI_IRQHandler
                0x00000230                EINT0_IRQHandler
                0x00000230                PLL1_IRQHandler
                0x00000230                DMA_IRQHandler
                0x00000230                TIMER2_IRQHandler
                0x00000230                UART3_IRQHandler
                0x00000230                MCPWM_IRQHandler
                0x00000230                ENET_IRQHandler
                0x000002fc                . = 0x2fc
 *fill*         0x00000238       0xc4 ff
                0x000002fc                PROVIDE (__CRP_WORD_START__, .)
 *(.crp)
 .crp           0x000002fc        0x4 ./src/crp.o
                0x000002fc                CRP_WORD
                0x00000300                PROVIDE (__CRP_WORD_END__, .)
                0x00000001                ASSERT (! ((__CRP_WORD_START__ == __CRP_WORD_END__)), Linker CRP Enabled, but no CRP_WORD provided within application)
 *(.text*)
 .text.Init_ADC_Pins
                0x00000300       0x40 ./src/ADC.o
                0x00000300                Init_ADC_Pins
 .text.Init_ADC
                0x00000340       0x60 ./src/ADC.o
                0x00000340                Init_ADC
 .text.ADC_ReadX
                0x000003a0       0x18 ./src/ADC.o
                0x000003a0                ADC_ReadX
 .text.ADC_ReadY
                0x000003b8       0x18 ./src/ADC.o
                0x000003b8                ADC_ReadY
 .text.Init_BH1750
                0x000003d0       0x6c ./src/BH1750.o
                0x000003d0                Init_BH1750
 .text.BH1750_GetLux
                0x0000043c       0x84 ./src/BH1750.o
                0x0000043c                BH1750_GetLux
 .text.Button_Add
                0x000004c0       0xec ./src/BUTTON.o
                0x000004c0                Button_Add
 .text.Button_DrawAll
                0x000005ac       0x44 ./src/BUTTON.o
                0x000005ac                Button_DrawAll
 .text.Button_Draw
                0x000005f0      0x26c ./src/BUTTON.o
                0x000005f0                Button_Draw
 .text.Button_Select
                0x0000085c       0x78 ./src/BUTTON.o
                0x0000085c                Button_Select
 .text.SysTick_Handler
                0x000008d4       0x24 ./src/DELAY.o
                0x000008d4                SysTick_Handler
 .text.Init_Delay
                0x000008f8       0x1c ./src/DELAY.o
                0x000008f8                Init_Delay
 .text.Delay    0x00000914       0x28 ./src/DELAY.o
                0x00000914                Delay
 .text.NVIC_EnableIRQ
                0x0000093c       0x30 ./src/EXTI.o
 .text.NVIC_SetPriority
                0x0000096c       0x54 ./src/EXTI.o
 .text.EINT2_IRQHandler
                0x000009c0       0x18 ./src/EXTI.o
                0x000009c0                EINT2_IRQHandler
 .text.EINT3_IRQHandler
                0x000009d8       0x14 ./src/EXTI.o
                0x000009d8                EINT3_IRQHandler
 .text.Init_Exti_Pins
                0x000009ec       0x58 ./src/EXTI.o
                0x000009ec                Init_Exti_Pins
 .text.Init_EXTI
                0x00000a44       0x10 ./src/EXTI.o
                0x00000a44                Init_EXTI
 .text.EXTI3_Enable
                0x00000a54       0x30 ./src/EXTI.o
                0x00000a54                EXTI3_Enable
 .text.Init_GPIO_Pins
                0x00000a84       0x70 ./src/GPIO.o
                0x00000a84                Init_GPIO_Pins
 .text.Init_GPIO
                0x00000af4       0x28 ./src/GPIO.o
                0x00000af4                Init_GPIO
 .text.GPIO_RedLed
                0x00000b1c       0x2c ./src/GPIO.o
                0x00000b1c                GPIO_RedLed
 .text.GPIO_BlueLed
                0x00000b48       0x2c ./src/GPIO.o
                0x00000b48                GPIO_BlueLed
 .text.GPIO_GreenLed
                0x00000b74       0x2c ./src/GPIO.o
                0x00000b74                GPIO_GreenLed
 .text.OnRTCUpdate
                0x00000ba0       0x30 ./src/GUI.o
                0x00000ba0                OnRTCUpdate
 .text.OnRTCAlarm
                0x00000bd0       0x18 ./src/GUI.o
                0x00000bd0                OnRTCAlarm
 .text.Keyboard_Update
                0x00000be8       0x18 ./src/GUI.o
                0x00000be8                Keyboard_Update
 .text.GUI_UpdateTime
                0x00000c00       0xcc ./src/GUI.o
                0x00000c00                GUI_UpdateTime
 .text.GUI_UpdateTemp
                0x00000ccc      0x188 ./src/GUI.o
                0x00000ccc                GUI_UpdateTemp
 .text.GUI_ProcessMessages
                0x00000e54       0x84 ./src/GUI.o
                0x00000e54                GUI_ProcessMessages
 .text.GUI_ProcessHome
                0x00000ed8       0xc8 ./src/GUI.o
                0x00000ed8                GUI_ProcessHome
 .text.GUI_DisplayHome
                0x00000fa0      0x110 ./src/GUI.o
                0x00000fa0                GUI_DisplayHome
 .text.GUI_DisplayMain
                0x000010b0      0x2c0 ./src/GUI.o
                0x000010b0                GUI_DisplayMain
 .text.GUI_GetKeys
                0x00001370       0xc4 ./src/GUI.o
                0x00001370                GUI_GetKeys
 .text.GUI_HandleButton
                0x00001434       0x9c ./src/GUI.o
                0x00001434                GUI_HandleButton
 .text.GUI_ProcessMain
                0x000014d0      0x1d8 ./src/GUI.o
                0x000014d0                GUI_ProcessMain
 .text.GUI_DisplayNone
                0x000016a8       0x14 ./src/GUI.o
                0x000016a8                GUI_DisplayNone
 .text.GUI_ProcessNone
                0x000016bc       0x20 ./src/GUI.o
                0x000016bc                GUI_ProcessNone
 .text.Init_HTU21D
                0x000016dc        0xc ./src/HTU21D.o
                0x000016dc                Init_HTU21D
 .text.HTU21D_ReadTemperature
                0x000016e8       0xd8 ./src/HTU21D.o
                0x000016e8                HTU21D_ReadTemperature
 .text.HTU21D_ReadHumidity
                0x000017c0       0xcc ./src/HTU21D.o
                0x000017c0                HTU21D_ReadHumidity
 .text.Init_I2C2_Pins
                0x0000188c       0x3c ./src/I2C.o
                0x0000188c                Init_I2C2_Pins
 .text.Init_I2C2
                0x000018c8       0x30 ./src/I2C.o
                0x000018c8                Init_I2C2
 .text.Init_LCD_Pins
                0x000018f8       0x70 ./src/LCD.o
                0x000018f8                Init_LCD_Pins
 .text.Init_LCD
                0x00001968       0x24 ./src/LCD.o
                0x00001968                Init_LCD
 .text.LCD_CS   0x0000198c       0x28 ./src/LCD.o
                0x0000198c                LCD_CS
 .text.LCD_RST  0x000019b4       0x28 ./src/LCD.o
                0x000019b4                LCD_RST
 .text.LCD_DC   0x000019dc       0x2c ./src/LCD.o
                0x000019dc                LCD_DC
 .text.LCD_Width
                0x00001a08       0x28 ./src/LCD.o
                0x00001a08                LCD_Width
 .text.LCD_Height
                0x00001a30       0x28 ./src/LCD.o
                0x00001a30                LCD_Height
 .text.LCD_Cmd  0x00001a58       0x34 ./src/LCD.o
                0x00001a58                LCD_Cmd
 .text.LCD_Pixel
                0x00001a8c       0x88 ./src/LCD.o
                0x00001a8c                LCD_Pixel
 .text.LCD_Window
                0x00001b14       0x90 ./src/LCD.o
                0x00001b14                LCD_Window
 .text.LCD_WindowMax
                0x00001ba4       0x20 ./src/LCD.o
                0x00001ba4                LCD_WindowMax
 .text.LCD_Reset
                0x00001bc4      0x320 ./src/LCD.o
                0x00001bc4                LCD_Reset
 .text.LCD_SetOrientation
                0x00001ee4       0x70 ./src/LCD.o
                0x00001ee4                LCD_SetOrientation
 .text.LCD_Vline
                0x00001f54       0x80 ./src/LCD.o
                0x00001f54                LCD_Vline
 .text.LCD_Hline
                0x00001fd4       0x80 ./src/LCD.o
                0x00001fd4                LCD_Hline
 .text.LCD_Rect
                0x00002054       0xa0 ./src/LCD.o
                0x00002054                LCD_Rect
 .text.LCD_FillRect
                0x000020f4       0x68 ./src/LCD.o
                0x000020f4                LCD_FillRect
 .text.LCD_ClearScreen
                0x0000215c       0x34 ./src/LCD.o
                0x0000215c                LCD_ClearScreen
 .text.LCD_Locate
                0x00002190       0x28 ./src/LCD.o
                0x00002190                LCD_Locate
 .text.LCD_Character
                0x000021b8      0x198 ./src/LCD.o
                0x000021b8                LCD_Character
 .text.LCD_Putc
                0x00002350       0x70 ./src/LCD.o
                0x00002350                LCD_Putc
 .text.LCD_PutString
                0x000023c0       0x2c ./src/LCD.o
                0x000023c0                LCD_PutString
 .text.LCD_PutStr
                0x000023ec       0x38 ./src/LCD.o
                0x000023ec                LCD_PutStr
 .text.LCD_GetStringExtentX
                0x00002424       0x70 ./src/LCD.o
                0x00002424                LCD_GetStringExtentX
 .text.LCD_GetStringExtent
                0x00002494       0x80 ./src/LCD.o
                0x00002494                LCD_GetStringExtent
 .text.LCD_Foreground
                0x00002514       0x20 ./src/LCD.o
                0x00002514                LCD_Foreground
 .text.LCD_Background
                0x00002534       0x20 ./src/LCD.o
                0x00002534                LCD_Background
 .text.LCD_SetFont
                0x00002554       0x1c ./src/LCD.o
                0x00002554                LCD_SetFont
 .text.NVIC_EnableIRQ
                0x00002570       0x30 ./src/RTC.o
 .text.NVIC_DisableIRQ
                0x000025a0       0x34 ./src/RTC.o
 .text.NVIC_SetPriority
                0x000025d4       0x54 ./src/RTC.o
 .text.RTC_IRQHandler
                0x00002628       0x70 ./src/RTC.o
                0x00002628                RTC_IRQHandler
 .text.Init_RTC
                0x00002698       0x38 ./src/RTC.o
                0x00002698                Init_RTC
 .text.RTC_Start
                0x000026d0       0x28 ./src/RTC.o
                0x000026d0                RTC_Start
 .text.RTC_SetUpdateCallback
                0x000026f8       0x1c ./src/RTC.o
                0x000026f8                RTC_SetUpdateCallback
 .text.RTC_SetAlarmSeconds
                0x00002714       0x50 ./src/RTC.o
                0x00002714                RTC_SetAlarmSeconds
 .text.Init_SevenSeg
                0x00002764       0x44 ./src/SEVENSEGMENT.o
                0x00002764                Init_SevenSeg
 .text.SEVENSEG_Set
                0x000027a8       0x54 ./src/SEVENSEGMENT.o
                0x000027a8                SEVENSEG_Set
 .text.Init_SSP0_Pins
                0x000027fc       0x44 ./src/SSP0.o
                0x000027fc                Init_SSP0_Pins
 .text.SSP0_SetConfig
                0x00002840       0x44 ./src/SSP0.o
                0x00002840                SSP0_SetConfig
 .text.Init_SSP0
                0x00002884       0x5c ./src/SSP0.o
                0x00002884                Init_SSP0
 .text.SSP0_16  0x000028e0       0x38 ./src/SSP0.o
                0x000028e0                SSP0_16
 .text.SSP0_Write
                0x00002918       0x2c ./src/SSP0.o
                0x00002918                SSP0_Write
 .text.SSP0_WaitBusy
                0x00002944       0x20 ./src/SSP0.o
                0x00002944                SSP0_WaitBusy
 .text.SSP0_WriteLcdDMA
                0x00002964       0x90 ./src/SSP0.o
                0x00002964                SSP0_WriteLcdDMA
 .text.Init_SSP1_Pins
                0x000029f4       0xa4 ./src/SSP1.o
                0x000029f4                Init_SSP1_Pins
 .text.Init_SSP1
                0x00002a98       0xa0 ./src/SSP1.o
                0x00002a98                Init_SSP1
 .text.SSP1_Write
                0x00002b38       0x40 ./src/SSP1.o
                0x00002b38                SSP1_Write
 .text.SSP1_Read
                0x00002b78       0x40 ./src/SSP1.o
                0x00002b78                SSP1_Read
 .text.SSP1_Transfer
                0x00002bb8       0x34 ./src/SSP1.o
                0x00002bb8                SSP1_Transfer
 .text.SSP1_WaitBusy
                0x00002bec       0x20 ./src/SSP1.o
                0x00002bec                SSP1_WaitBusy
 .text.SSP1_CS  0x00002c0c       0x38 ./src/SSP1.o
                0x00002c0c                SSP1_CS
 .text.Init_UART3_Pins
                0x00002c44       0x40 ./src/UART.o
                0x00002c44                Init_UART3_Pins
 .text.Init_UART3
                0x00002c84       0x5c ./src/UART.o
                0x00002c84                Init_UART3
 .text.UART3_SendBytes
                0x00002ce0       0x24 ./src/UART.o
                0x00002ce0                UART3_SendBytes
 .text.UART3_XBEESend
                0x00002d04      0x130 ./src/UART.o
                0x00002d04                UART3_XBEESend
 .text.XPT2046_Read
                0x00002e34       0xa8 ./src/XPT2046.o
                0x00002e34                XPT2046_Read
 .text.Init_XPT2046
                0x00002edc       0x38 ./src/XPT2046.o
                0x00002edc                Init_XPT2046
 .text.XPT2046_Update
                0x00002f14       0x18 ./src/XPT2046.o
                0x00002f14                XPT2046_Update
 .text.XPT2046_Wait
                0x00002f2c       0x6c ./src/XPT2046.o
                0x00002f2c                XPT2046_Wait
 .text.Init_Peripherals
                0x00002f98       0x44 ./src/main.o
                0x00002f98                Init_Peripherals
 .text.main     0x00002fdc       0x14 ./src/main.o
                0x00002fdc                main
 .text.ADC_Init
                0x00002ff0       0x90 ./Drivers/Src/lpc17xx_adc.o
                0x00002ff0                ADC_Init
 .text.ADC_StartCmd
                0x00003080       0x80 ./Drivers/Src/lpc17xx_adc.o
                0x00003080                ADC_StartCmd
 .text.ADC_BurstCmd
                0x00003100       0x4c ./Drivers/Src/lpc17xx_adc.o
                0x00003100                ADC_BurstCmd
 .text.ADC_IntConfig
                0x0000314c       0x9c ./Drivers/Src/lpc17xx_adc.o
                0x0000314c                ADC_IntConfig
 .text.ADC_ChannelCmd
                0x000031e8       0x78 ./Drivers/Src/lpc17xx_adc.o
                0x000031e8                ADC_ChannelCmd
 .text.ADC_ChannelGetData
                0x00003260       0x4c ./Drivers/Src/lpc17xx_adc.o
                0x00003260                ADC_ChannelGetData
 .text.CLKPWR_SetPCLKDiv
                0x000032ac       0x8c ./Drivers/Src/lpc17xx_clkpwr.o
                0x000032ac                CLKPWR_SetPCLKDiv
 .text.CLKPWR_GetPCLKSEL
                0x00003338       0x48 ./Drivers/Src/lpc17xx_clkpwr.o
                0x00003338                CLKPWR_GetPCLKSEL
 .text.CLKPWR_GetPCLK
                0x00003380       0x64 ./Drivers/Src/lpc17xx_clkpwr.o
                0x00003380                CLKPWR_GetPCLK
 .text.CLKPWR_ConfigPPWR
                0x000033e4       0x58 ./Drivers/Src/lpc17xx_clkpwr.o
                0x000033e4                CLKPWR_ConfigPPWR
 .text.EXTI_Init
                0x0000343c       0x28 ./Drivers/Src/lpc17xx_exti.o
                0x0000343c                EXTI_Init
 .text.EXTI_Config
                0x00003464       0x3c ./Drivers/Src/lpc17xx_exti.o
                0x00003464                EXTI_Config
 .text.EXTI_SetMode
                0x000034a0       0x5c ./Drivers/Src/lpc17xx_exti.o
                0x000034a0                EXTI_SetMode
 .text.EXTI_SetPolarity
                0x000034fc       0x5c ./Drivers/Src/lpc17xx_exti.o
                0x000034fc                EXTI_SetPolarity
 .text.EXTI_ClearEXTIFlag
                0x00003558       0x28 ./Drivers/Src/lpc17xx_exti.o
                0x00003558                EXTI_ClearEXTIFlag
 .text.GPIO_GetPointer
                0x00003580       0x70 ./Drivers/Src/lpc17xx_gpio.o
 .text.GPIO_SetDir
                0x000035f0       0x4c ./Drivers/Src/lpc17xx_gpio.o
                0x000035f0                GPIO_SetDir
 .text.GPIO_SetValue
                0x0000363c       0x2c ./Drivers/Src/lpc17xx_gpio.o
                0x0000363c                GPIO_SetValue
 .text.GPIO_ClearValue
                0x00003668       0x2c ./Drivers/Src/lpc17xx_gpio.o
                0x00003668                GPIO_ClearValue
 .text.NVIC_EnableIRQ
                0x00003694       0x30 ./Drivers/Src/lpc17xx_i2c.o
 .text.NVIC_DisableIRQ
                0x000036c4       0x34 ./Drivers/Src/lpc17xx_i2c.o
 .text.I2C_getNum
                0x000036f8       0x48 ./Drivers/Src/lpc17xx_i2c.o
 .text.I2C_Start
                0x00003740       0x3c ./Drivers/Src/lpc17xx_i2c.o
 .text.I2C_Stop
                0x0000377c       0x30 ./Drivers/Src/lpc17xx_i2c.o
 .text.I2C_SendByte
                0x000037ac       0x68 ./Drivers/Src/lpc17xx_i2c.o
 .text.I2C_GetByte
                0x00003814       0x44 ./Drivers/Src/lpc17xx_i2c.o
 .text.I2C_SetClock
                0x00003858       0xa4 ./Drivers/Src/lpc17xx_i2c.o
 .text.I2C_Init
                0x000038fc       0xa4 ./Drivers/Src/lpc17xx_i2c.o
                0x000038fc                I2C_Init
 .text.I2C_Cmd  0x000039a0       0x84 ./Drivers/Src/lpc17xx_i2c.o
                0x000039a0                I2C_Cmd
 .text.I2C_IntCmd
                0x00003a24       0x88 ./Drivers/Src/lpc17xx_i2c.o
                0x00003a24                I2C_IntCmd
 .text.I2C_MasterHanleStates
                0x00003aac      0x300 ./Drivers/Src/lpc17xx_i2c.o
                0x00003aac                I2C_MasterHanleStates
 .text.I2C_MasterTransferData
                0x00003dac      0x130 ./Drivers/Src/lpc17xx_i2c.o
                0x00003dac                I2C_MasterTransferData
 .text.check_failed
                0x00003edc        0xc ./Drivers/Src/lpc17xx_libcfg_default.o
                0x00003edc                check_failed
 .text.set_PinFunc
                0x00003ee8       0x84 ./Drivers/Src/lpc17xx_pinsel.o
 .text.set_ResistorMode
                0x00003f6c       0x84 ./Drivers/Src/lpc17xx_pinsel.o
 .text.set_OpenDrainMode
                0x00003ff0       0x6c ./Drivers/Src/lpc17xx_pinsel.o
 .text.PINSEL_ConfigPin
                0x0000405c       0x48 ./Drivers/Src/lpc17xx_pinsel.o
                0x0000405c                PINSEL_ConfigPin
 .text.RTC_Init
                0x000040a4       0x50 ./Drivers/Src/lpc17xx_rtc.o
                0x000040a4                RTC_Init
 .text.RTC_ResetClockTickCounter
                0x000040f4       0x48 ./Drivers/Src/lpc17xx_rtc.o
                0x000040f4                RTC_ResetClockTickCounter
 .text.RTC_Cmd  0x0000413c       0x68 ./Drivers/Src/lpc17xx_rtc.o
                0x0000413c                RTC_Cmd
 .text.RTC_CntIncrIntConfig
                0x000041a4      0x200 ./Drivers/Src/lpc17xx_rtc.o
                0x000041a4                RTC_CntIncrIntConfig
 .text.RTC_AlarmIntConfig
                0x000043a4      0x200 ./Drivers/Src/lpc17xx_rtc.o
                0x000043a4                RTC_AlarmIntConfig
 .text.RTC_GetTime
                0x000045a4      0x104 ./Drivers/Src/lpc17xx_rtc.o
                0x000045a4                RTC_GetTime
 .text.RTC_GetFullTime
                0x000046a8       0xa8 ./Drivers/Src/lpc17xx_rtc.o
                0x000046a8                RTC_GetFullTime
 .text.RTC_SetAlarmTime
                0x00004750      0x184 ./Drivers/Src/lpc17xx_rtc.o
                0x00004750                RTC_SetAlarmTime
 .text.RTC_GetIntPending
                0x000048d4       0x58 ./Drivers/Src/lpc17xx_rtc.o
                0x000048d4                RTC_GetIntPending
 .text.RTC_ClearIntPending
                0x0000492c       0x54 ./Drivers/Src/lpc17xx_rtc.o
                0x0000492c                RTC_ClearIntPending
 .text.RTC_CalibCounterCmd
                0x00004980       0x6c ./Drivers/Src/lpc17xx_rtc.o
                0x00004980                RTC_CalibCounterCmd
 .text.setSSPclock
                0x000049ec       0xc4 ./Drivers/Src/lpc17xx_ssp.o
 .text.SSP_Init
                0x00004ab0       0x9c ./Drivers/Src/lpc17xx_ssp.o
                0x00004ab0                SSP_Init
 .text.SSP_ConfigStructInit
                0x00004b4c       0x3c ./Drivers/Src/lpc17xx_ssp.o
                0x00004b4c                SSP_ConfigStructInit
 .text.SSP_Cmd  0x00004b88       0x6c ./Drivers/Src/lpc17xx_ssp.o
                0x00004b88                SSP_Cmd
 .text.SYSTICK_InternalInit
                0x00004bf4       0x7c ./Drivers/Src/lpc17xx_systick.o
                0x00004bf4                SYSTICK_InternalInit
 .text.SYSTICK_Cmd
                0x00004c70       0x50 ./Drivers/Src/lpc17xx_systick.o
                0x00004c70                SYSTICK_Cmd
 .text.SYSTICK_IntCmd
                0x00004cc0       0x50 ./Drivers/Src/lpc17xx_systick.o
                0x00004cc0                SYSTICK_IntCmd
 .text.uart_set_divisors
                0x00004d10      0x2ac ./Drivers/Src/lpc17xx_uart.o
 .text.UART_Init
                0x00004fbc      0x2e4 ./Drivers/Src/lpc17xx_uart.o
                0x00004fbc                UART_Init
 .text.UART_ConfigStructInit
                0x000052a0       0x2c ./Drivers/Src/lpc17xx_uart.o
                0x000052a0                UART_ConfigStructInit
 .text.UART_SendByte
                0x000052cc       0x68 ./Drivers/Src/lpc17xx_uart.o
                0x000052cc                UART_SendByte
 .text.UART_Send
                0x00005334       0xec ./Drivers/Src/lpc17xx_uart.o
                0x00005334                UART_Send
 .text.UART_FIFOConfig
                0x00005420      0x158 ./Drivers/Src/lpc17xx_uart.o
                0x00005420                UART_FIFOConfig
 .text.UART_FIFOConfigStructInit
                0x00005578       0x2c ./Drivers/Src/lpc17xx_uart.o
                0x00005578                UART_FIFOConfigStructInit
 .text.UART_TxCmd
                0x000055a4       0xc8 ./Drivers/Src/lpc17xx_uart.o
                0x000055a4                UART_TxCmd
 .text.SystemInit
                0x0000566c       0xe4 C:\Users\Vergil\Documents\LPCXpresso_8.1.4_606\workspace\CMSISv2p00_LPC17xx\Debug\libCMSISv2p00_LPC17xx.a(system_LPC17xx.o)
                0x0000566c                SystemInit
 .text.__main   0x00005750       0x14 c:/nxp/lpcxpresso_8.1.4_606/lpcxpresso/tools/bin/../lib/gcc/arm-none-eabi/5.2.1/../../../../arm-none-eabi/lib/armv7-m\libcr_semihost.a(_cr__main.o)
                0x00005750                __CR_SEMIHOST
                0x00005750                __main
 .text.memcpy   0x00005764        0x4 c:/nxp/lpcxpresso_8.1.4_606/lpcxpresso/tools/bin/../lib/gcc/arm-none-eabi/5.2.1/../../../../arm-none-eabi/lib/armv7-m\libcr_c.a(memcpy.o)
                0x00005764                memcpy
 .text.fp_round
                0x00005768       0x4c c:/nxp/lpcxpresso_8.1.4_606/lpcxpresso/tools/bin/../lib/gcc/arm-none-eabi/5.2.1/../../../../arm-none-eabi/lib/armv7-m\libcr_c.a(fpprintf.o)
 .text.pr_dec.constprop.1
                0x000057b4       0x26 c:/nxp/lpcxpresso_8.1.4_606/lpcxpresso/tools/bin/../lib/gcc/arm-none-eabi/5.2.1/../../../../arm-none-eabi/lib/armv7-m\libcr_c.a(fpprintf.o)
 *fill*         0x000057da        0x2 ff
 .text.sprintf  0x000057dc       0x6c c:/nxp/lpcxpresso_8.1.4_606/lpcxpresso/tools/bin/../lib/gcc/arm-none-eabi/5.2.1/../../../../arm-none-eabi/lib/armv7-m\libcr_c.a(fpprintf.o)
                0x000057dc                sprintf
 .text.fp_display
                0x00005848      0x8ec c:/nxp/lpcxpresso_8.1.4_606/lpcxpresso/tools/bin/../lib/gcc/arm-none-eabi/5.2.1/../../../../arm-none-eabi/lib/armv7-m\libcr_c.a(fpprintf.o)
 .text.vsnprintf
                0x00006134       0x5c c:/nxp/lpcxpresso_8.1.4_606/lpcxpresso/tools/bin/../lib/gcc/arm-none-eabi/5.2.1/../../../../arm-none-eabi/lib/armv7-m\libcr_c.a(fpprintf.o)
                0x00006134                vsnprintf
 .text.printf   0x00006190       0x54 c:/nxp/lpcxpresso_8.1.4_606/lpcxpresso/tools/bin/../lib/gcc/arm-none-eabi/5.2.1/../../../../arm-none-eabi/lib/armv7-m\libcr_c.a(fpprintf.o)
                0x00006190                printf
 .text._initio  0x000061e4       0xa4 c:/nxp/lpcxpresso_8.1.4_606/lpcxpresso/tools/bin/../lib/gcc/arm-none-eabi/5.2.1/../../../../arm-none-eabi/lib/armv7-m\libcr_c.a(initio.o)
                0x000061e4                _initio
 .text.__vfprintf
                0x00006288      0xd28 c:/nxp/lpcxpresso_8.1.4_606/lpcxpresso/tools/bin/../lib/gcc/arm-none-eabi/5.2.1/../../../../arm-none-eabi/lib/armv7-m\libcr_c.a(printf.o)
                0x00006288                __vfprintf
 .text.setvbuf  0x00006fb0       0x40 c:/nxp/lpcxpresso_8.1.4_606/lpcxpresso/tools/bin/../lib/gcc/arm-none-eabi/5.2.1/../../../../arm-none-eabi/lib/armv7-m\libcr_c.a(setvbuf.o)
                0x00006fb0                setvbuf
 .text.strlen   0x00006ff0       0x4a c:/nxp/lpcxpresso_8.1.4_606/lpcxpresso/tools/bin/../lib/gcc/arm-none-eabi/5.2.1/../../../../arm-none-eabi/lib/armv7-m\libcr_c.a(strlen.o)
                0x00006ff0                strlen
 .text.memset   0x0000703a        0x4 c:/nxp/lpcxpresso_8.1.4_606/lpcxpresso/tools/bin/../lib/gcc/arm-none-eabi/5.2.1/../../../../arm-none-eabi/lib/armv7-m\libcr_c.a(memset.o)
                0x0000703a                memset
 .text._deferredlazyseek
                0x0000703e       0x44 c:/nxp/lpcxpresso_8.1.4_606/lpcxpresso/tools/bin/../lib/gcc/arm-none-eabi/5.2.1/../../../../arm-none-eabi/lib/armv7-m\libcr_c.a(_deferredlazyseek.o)
                0x0000703e                _deferredlazyseek
 .text.__flsbuf
                0x00007082      0x140 c:/nxp/lpcxpresso_8.1.4_606/lpcxpresso/tools/bin/../lib/gcc/arm-none-eabi/5.2.1/../../../../arm-none-eabi/lib/armv7-m\libcr_c.a(_deferredlazyseek.o)
                0x00007082                __flsbuf
 .text._fdopen  0x000071c2       0x6a c:/nxp/lpcxpresso_8.1.4_606/lpcxpresso/tools/bin/../lib/gcc/arm-none-eabi/5.2.1/../../../../arm-none-eabi/lib/armv7-m\libcr_c.a(_fdopen.o)
                0x000071c2                _fdopen
 .text._fflush  0x0000722c       0x58 c:/nxp/lpcxpresso_8.1.4_606/lpcxpresso/tools/bin/../lib/gcc/arm-none-eabi/5.2.1/../../../../arm-none-eabi/lib/armv7-m\libcr_c.a(_fflush.o)
                0x0000722c                _fflush
 .text._frexpl  0x00007284       0x5a c:/nxp/lpcxpresso_8.1.4_606/lpcxpresso/tools/bin/../lib/gcc/arm-none-eabi/5.2.1/../../../../arm-none-eabi/lib/armv7-m\libcr_c.a(_frexpl.o)
                0x00007284                _frexpl
 *fill*         0x000072de        0x2 ff
 .text._ldexpl  0x000072e0       0x4c c:/nxp/lpcxpresso_8.1.4_606/lpcxpresso/tools/bin/../lib/gcc/arm-none-eabi/5.2.1/../../../../arm-none-eabi/lib/armv7-m\libcr_c.a(_ldexpl.o)
                0x000072e0                _ldexpl
 .text._Cwritebuf
                0x0000732c       0x68 c:/nxp/lpcxpresso_8.1.4_606/lpcxpresso/tools/bin/../lib/gcc/arm-none-eabi/5.2.1/../../../../arm-none-eabi/lib/armv7-m\libcr_c.a(_writebuf.o)
                0x0000732c                _Cwritebuf
 .text.malloc   0x00007394       0xc8 c:/nxp/lpcxpresso_8.1.4_606/lpcxpresso/tools/bin/../lib/gcc/arm-none-eabi/5.2.1/../../../../arm-none-eabi/lib/armv7-m\libcr_c.a(alloc.o)
                0x00007394                malloc
 .text.free     0x0000745c       0x30 c:/nxp/lpcxpresso_8.1.4_606/lpcxpresso/tools/bin/../lib/gcc/arm-none-eabi/5.2.1/../../../../arm-none-eabi/lib/armv7-m\libcr_c.a(alloc.o)
                0x0000745c                free
 .text._Csys_alloc
                0x0000748c       0x20 c:/nxp/lpcxpresso_8.1.4_606/lpcxpresso/tools/bin/../lib/gcc/arm-none-eabi/5.2.1/../../../../arm-none-eabi/lib/armv7-m\libcr_c.a(alloc.o)
                0x0000748c                _Csys_alloc
 .text.fclose   0x000074ac       0x6c c:/nxp/lpcxpresso_8.1.4_606/lpcxpresso/tools/bin/../lib/gcc/arm-none-eabi/5.2.1/../../../../arm-none-eabi/lib/armv7-m\libcr_c.a(fclose.o)
                0x000074ac                fclose
 .text.fflush   0x00007518       0x30 c:/nxp/lpcxpresso_8.1.4_606/lpcxpresso/tools/bin/../lib/gcc/arm-none-eabi/5.2.1/../../../../arm-none-eabi/lib/armv7-m\libcr_c.a(fflush.o)
                0x00007518                fflush
 .text.fseek    0x00007548      0x110 c:/nxp/lpcxpresso_8.1.4_606/lpcxpresso/tools/bin/../lib/gcc/arm-none-eabi/5.2.1/../../../../arm-none-eabi/lib/armv7-m\libcr_c.a(fseek.o)
                0x00007548                fseek
 .text.ftell    0x00007658       0x4c c:/nxp/lpcxpresso_8.1.4_606/lpcxpresso/tools/bin/../lib/gcc/arm-none-eabi/5.2.1/../../../../arm-none-eabi/lib/armv7-m\libcr_c.a(ftell.o)
                0x00007658                ftell
 .text.remove   0x000076a4       0x14 c:/nxp/lpcxpresso_8.1.4_606/lpcxpresso/tools/bin/../lib/gcc/arm-none-eabi/5.2.1/../../../../arm-none-eabi/lib/armv7-m\libcr_c.a(remove.o)
                0x000076a4                remove
 .text._sbrk    0x000076b8       0x40 c:/nxp/lpcxpresso_8.1.4_606/lpcxpresso/tools/bin/../lib/gcc/arm-none-eabi/5.2.1/../../../../arm-none-eabi/lib/armv7-m\libcr_c.a(_cr_sbrk.o)
                0x000076b8                _sbrk
 .text._do_fflush
                0x000076f8       0x44 c:/nxp/lpcxpresso_8.1.4_606/lpcxpresso/tools/bin/../lib/gcc/arm-none-eabi/5.2.1/../../../../arm-none-eabi/lib/armv7-m\libcr_c.a(_do_fflush.o)
                0x000076f8                _do_fflush
 .text.__check_heap_overflow
                0x0000773c       0x18 c:/nxp/lpcxpresso_8.1.4_606/lpcxpresso/tools/bin/../lib/gcc/arm-none-eabi/5.2.1/../../../../arm-none-eabi/lib/armv7-m\libcr_c.a(_cr_check_heap.o)
                0x0000773c                __check_heap_overflow
 .text.__aeabi_division_uldivmod
                0x00007754      0x174 c:/nxp/lpcxpresso_8.1.4_606/lpcxpresso/tools/bin/../lib/gcc/arm-none-eabi/5.2.1/armv7-m\libcr_eabihelpers.a(division_64.o)
                0x00007754                __aeabi_uldivmod
                0x00007758                __bhs_ldivmod1
 .text.__aeabi_division_idiv0
                0x000078c8        0x2 c:/nxp/lpcxpresso_8.1.4_606/lpcxpresso/tools/bin/../lib/gcc/arm-none-eabi/5.2.1/armv7-m\libcr_eabihelpers.a(division_idiv0.o)
                0x000078c8                __aeabi_idiv0
 *fill*         0x000078ca        0x2 ff
 .text.__aeabi_dmul
                0x000078cc      0x120 c:/nxp/lpcxpresso_8.1.4_606/lpcxpresso/tools/bin/../lib/gcc/arm-none-eabi/5.2.1/armv7-m\libcr_eabihelpers.a(double.o)
                0x000078cc                __aeabi_dmul
 .text.__aeabi_ddiv
                0x000079ec      0x154 c:/nxp/lpcxpresso_8.1.4_606/lpcxpresso/tools/bin/../lib/gcc/arm-none-eabi/5.2.1/armv7-m\libcr_eabihelpers.a(double.o)
                0x000079ec                __aeabi_ddiv
 .text.__aeabi_dsub
                0x00007b40      0x1d0 c:/nxp/lpcxpresso_8.1.4_606/lpcxpresso/tools/bin/../lib/gcc/arm-none-eabi/5.2.1/armv7-m\libcr_eabihelpers.a(double.o)
                0x00007b40                __aeabi_dsub
 .text.__aeabi_dadd
                0x00007d10      0x130 c:/nxp/lpcxpresso_8.1.4_606/lpcxpresso/tools/bin/../lib/gcc/arm-none-eabi/5.2.1/armv7-m\libcr_eabihelpers.a(double.o)
                0x00007d10                __aeabi_dadd
 .text.__aeabi_d2f
                0x00007e40       0x58 c:/nxp/lpcxpresso_8.1.4_606/lpcxpresso/tools/bin/../lib/gcc/arm-none-eabi/5.2.1/armv7-m\libcr_eabihelpers.a(double.o)
                0x00007e40                __aeabi_d2f
 .text.__aeabi_d2iz
                0x00007e98       0x40 c:/nxp/lpcxpresso_8.1.4_606/lpcxpresso/tools/bin/../lib/gcc/arm-none-eabi/5.2.1/armv7-m\libcr_eabihelpers.a(double.o)
                0x00007e98                __aeabi_d2iz
 .text.__bhs_ui2d
                0x00007ed8       0x44 c:/nxp/lpcxpresso_8.1.4_606/lpcxpresso/tools/bin/../lib/gcc/arm-none-eabi/5.2.1/armv7-m\libcr_eabihelpers.a(double.o)
                0x00007ed8                __bhs_ui2d
 .text.__aeabi_i2d
                0x00007f1c       0x10 c:/nxp/lpcxpresso_8.1.4_606/lpcxpresso/tools/bin/../lib/gcc/arm-none-eabi/5.2.1/armv7-m\libcr_eabihelpers.a(double.o)
                0x00007f1c                __aeabi_i2d
 .text.__aeabi_dcmpeq
                0x00007f2c       0x2c c:/nxp/lpcxpresso_8.1.4_606/lpcxpresso/tools/bin/../lib/gcc/arm-none-eabi/5.2.1/armv7-m\libcr_eabihelpers.a(double.o)
                0x00007f2c                __aeabi_dcmpeq
 .text.__aeabi_dcmplt
                0x00007f58       0x5c c:/nxp/lpcxpresso_8.1.4_606/lpcxpresso/tools/bin/../lib/gcc/arm-none-eabi/5.2.1/armv7-m\libcr_eabihelpers.a(double.o)
                0x00007f58                __aeabi_dcmplt
 .text.__aeabi_dcmple
                0x00007fb4       0x5c c:/nxp/lpcxpresso_8.1.4_606/lpcxpresso/tools/bin/../lib/gcc/arm-none-eabi/5.2.1/armv7-m\libcr_eabihelpers.a(double.o)
                0x00007fb4                __aeabi_dcmple
 .text.__aeabi_dcmpge
                0x00008010       0x5c c:/nxp/lpcxpresso_8.1.4_606/lpcxpresso/tools/bin/../lib/gcc/arm-none-eabi/5.2.1/armv7-m\libcr_eabihelpers.a(double.o)
                0x00008010                __aeabi_dcmpge
 .text.__bhs_ui2f.part.0
                0x0000806c       0x20 c:/nxp/lpcxpresso_8.1.4_606/lpcxpresso/tools/bin/../lib/gcc/arm-none-eabi/5.2.1/armv7-m\libcr_eabihelpers.a(float.o)
 .text.__aeabi_fdiv
                0x0000808c       0xc0 c:/nxp/lpcxpresso_8.1.4_606/lpcxpresso/tools/bin/../lib/gcc/arm-none-eabi/5.2.1/armv7-m\libcr_eabihelpers.a(float.o)
                0x0000808c                __aeabi_fdiv
 .text.__aeabi_i2f
                0x0000814c       0x20 c:/nxp/lpcxpresso_8.1.4_606/lpcxpresso/tools/bin/../lib/gcc/arm-none-eabi/5.2.1/armv7-m\libcr_eabihelpers.a(float.o)
                0x0000814c                __aeabi_i2f
 .text.__aeabi_ui2f
                0x0000816c       0x10 c:/nxp/lpcxpresso_8.1.4_606/lpcxpresso/tools/bin/../lib/gcc/arm-none-eabi/5.2.1/armv7-m\libcr_eabihelpers.a(float.o)
                0x0000816c                __aeabi_ui2f
 .text.__aeabi_f2d
                0x0000817c       0x3c c:/nxp/lpcxpresso_8.1.4_606/lpcxpresso/tools/bin/../lib/gcc/arm-none-eabi/5.2.1/armv7-m\libcr_eabihelpers.a(float.o)
                0x0000817c                __aeabi_f2d
 .text.__aeabi_fcmplt
                0x000081b8       0x3c c:/nxp/lpcxpresso_8.1.4_606/lpcxpresso/tools/bin/../lib/gcc/arm-none-eabi/5.2.1/armv7-m\libcr_eabihelpers.a(float.o)
                0x000081b8                __aeabi_fcmplt
 .text.__aeabi_fcmpgt
                0x000081f4       0x3c c:/nxp/lpcxpresso_8.1.4_606/lpcxpresso/tools/bin/../lib/gcc/arm-none-eabi/5.2.1/armv7-m\libcr_eabihelpers.a(float.o)
                0x000081f4                __aeabi_fcmpgt
 .text.__aeabi_memcpy
                0x00008230       0x34 c:/nxp/lpcxpresso_8.1.4_606/lpcxpresso/tools/bin/../lib/gcc/arm-none-eabi/5.2.1/armv7-m\libcr_eabihelpers.a(memcpy.o)
                0x00008230                __aeabi_memcpy
                0x0000823a                __aeabi_memcpy8
                0x0000823a                __aeabi_memcpy4
 .text.__aeabi_memset_lowlevel
                0x00008264       0x32 c:/nxp/lpcxpresso_8.1.4_606/lpcxpresso/tools/bin/../lib/gcc/arm-none-eabi/5.2.1/armv7-m\libcr_eabihelpers.a(memcpy.o)
                0x00008264                __aeabi_lowlevel_memset
 *fill*         0x00008296        0x2 ff
 .text.__sys_appexit
                0x00008298        0xc c:/nxp/lpcxpresso_8.1.4_606/lpcxpresso/tools/bin/../lib/gcc/arm-none-eabi/5.2.1/../../../../arm-none-eabi/lib/armv7-m\libcr_semihost.a(__sys_appexit.o)
                0x00008298                __sys_appexit
                0x00008298                __exit
 .text.__sys_close
                0x000082a4        0xc c:/nxp/lpcxpresso_8.1.4_606/lpcxpresso/tools/bin/../lib/gcc/arm-none-eabi/5.2.1/../../../../arm-none-eabi/lib/armv7-m\libcr_semihost.a(__sys_close.o)
                0x000082a4                __sys_close
 .text.__sys_flen
                0x000082b0        0xc c:/nxp/lpcxpresso_8.1.4_606/lpcxpresso/tools/bin/../lib/gcc/arm-none-eabi/5.2.1/../../../../arm-none-eabi/lib/armv7-m\libcr_semihost.a(__sys_flen.o)
                0x000082b0                __sys_flen
 .text.__sys_istty
                0x000082bc        0xc c:/nxp/lpcxpresso_8.1.4_606/lpcxpresso/tools/bin/../lib/gcc/arm-none-eabi/5.2.1/../../../../arm-none-eabi/lib/armv7-m\libcr_semihost.a(__sys_istty.o)
                0x000082bc                __sys_istty
 .text.__sys_remove
                0x000082c8        0xc c:/nxp/lpcxpresso_8.1.4_606/lpcxpresso/tools/bin/../lib/gcc/arm-none-eabi/5.2.1/../../../../arm-none-eabi/lib/armv7-m\libcr_semihost.a(__sys_remove.o)
                0x000082c8                __sys_remove
 .text.__sys_seek
                0x000082d4        0xc c:/nxp/lpcxpresso_8.1.4_606/lpcxpresso/tools/bin/../lib/gcc/arm-none-eabi/5.2.1/../../../../arm-none-eabi/lib/armv7-m\libcr_semihost.a(__sys_seek.o)
                0x000082d4                __sys_seek
 .text.__sys_tmpnam
                0x000082e0        0xc c:/nxp/lpcxpresso_8.1.4_606/lpcxpresso/tools/bin/../lib/gcc/arm-none-eabi/5.2.1/../../../../arm-none-eabi/lib/armv7-m\libcr_semihost.a(__sys_tmpnam.o)
                0x000082e0                __sys_tmpnam
 .text.__sys_write
                0x000082ec        0xc c:/nxp/lpcxpresso_8.1.4_606/lpcxpresso/tools/bin/../lib/gcc/arm-none-eabi/5.2.1/../../../../arm-none-eabi/lib/armv7-m\libcr_semihost.a(__sys_write.o)
                0x000082ec                __sys_write
                0x000082ec                __write
 *(.rodata .rodata.* .constdata .constdata.*)
 .rodata.Arial12x12
                0x000082f8      0x964 ./src/GUI.o
 .rodata.Arial24x23
                0x00008c5c     0x1b64 ./src/GUI.o
 .rodata        0x0000a7c0       0x8c ./src/GUI.o
 .rodata.numbers
                0x0000a84c        0xb ./src/SEVENSEGMENT.o
 *fill*         0x0000a857        0x1 ff
 .rodata.XBEE_BROADCAST_ADDR
                0x0000a858        0x8 ./src/UART.o
                0x0000a858                XBEE_BROADCAST_ADDR
 .rodata        0x0000a860       0x28 ./src/UART.o
 .rodata        0x0000a888       0x10 ./src/XPT2046.o
 .rodata        0x0000a898       0x1d ./Drivers/Src/lpc17xx_adc.o
 *fill*         0x0000a8b5        0x3 ff
 .rodata        0x0000a8b8       0x1d ./Drivers/Src/lpc17xx_i2c.o
 *fill*         0x0000a8d5        0x3 ff
 .rodata        0x0000a8d8       0x1d ./Drivers/Src/lpc17xx_rtc.o
 *fill*         0x0000a8f5        0x3 ff
 .rodata        0x0000a8f8       0x1d ./Drivers/Src/lpc17xx_ssp.o
 *fill*         0x0000a915        0x3 ff
 .rodata        0x0000a918       0x21 ./Drivers/Src/lpc17xx_systick.o
 *fill*         0x0000a939        0x3 ff
 .rodata        0x0000a93c       0x1e ./Drivers/Src/lpc17xx_uart.o
 .rodata.__ctype
                0x0000a95a      0x180 c:/nxp/lpcxpresso_8.1.4_606/lpcxpresso/tools/bin/../lib/gcc/arm-none-eabi/5.2.1/../../../../arm-none-eabi/lib/armv7-m\libcr_c.a(ctype.o)
                0x0000a95a                __ctype
 .rodata.str1.1
                0x0000aada       0x34 c:/nxp/lpcxpresso_8.1.4_606/lpcxpresso/tools/bin/../lib/gcc/arm-none-eabi/5.2.1/../../../../arm-none-eabi/lib/armv7-m\libcr_c.a(fpprintf.o)
                                 0x35 (size before relaxing)
 .rodata.str1.1
                0x0000ab0e        0x4 c:/nxp/lpcxpresso_8.1.4_606/lpcxpresso/tools/bin/../lib/gcc/arm-none-eabi/5.2.1/../../../../arm-none-eabi/lib/armv7-m\libcr_c.a(initio.o)
 .rodata.str1.1
                0x0000ab12       0x31 c:/nxp/lpcxpresso_8.1.4_606/lpcxpresso/tools/bin/../lib/gcc/arm-none-eabi/5.2.1/../../../../arm-none-eabi/lib/armv7-m\libcr_c.a(printf.o)
                                 0x38 (size before relaxing)
 .rodata.str1.1
                0x0000ab43       0x18 c:/nxp/lpcxpresso_8.1.4_606/lpcxpresso/tools/bin/../lib/gcc/arm-none-eabi/5.2.1/../../../../arm-none-eabi/lib/armv7-m\libcr_c.a(alloc.o)
 *fill*         0x0000ab5b        0x5 ff
 .rodata.__huge_vall
                0x0000ab60        0x8 c:/nxp/lpcxpresso_8.1.4_606/lpcxpresso/tools/bin/../lib/gcc/arm-none-eabi/5.2.1/../../../../arm-none-eabi/lib/armv7-m\libcr_c.a(_hugeval.o)
                0x0000ab60                __huge_vall
                0x0000ab68                . = ALIGN (0x4)

.glue_7         0x0000ab68        0x0
 .glue_7        0x0000ab68        0x0 linker stubs

.glue_7t        0x0000ab68        0x0
 .glue_7t       0x0000ab68        0x0 linker stubs

.vfp11_veneer   0x0000ab68        0x0
 .vfp11_veneer  0x0000ab68        0x0 linker stubs

.v4_bx          0x0000ab68        0x0
 .v4_bx         0x0000ab68        0x0 linker stubs

.iplt           0x0000ab68        0x0
 .iplt          0x0000ab68        0x0 ./src/ADC.o

.rel.dyn        0x0000ab68        0x0
 .rel.iplt      0x0000ab68        0x0 ./src/ADC.o

.ARM.extab
 *(.ARM.extab* .gnu.linkonce.armextab.*)
                0x0000ab68                __exidx_start = .

.ARM.exidx
 *(.ARM.exidx* .gnu.linkonce.armexidx.*)
                0x0000ab68                __exidx_end = .
                0x0000ab68                _etext = .

.data_RAM2      0x2007c000        0x0 load address 0x0000ab68
 FILL mask 0xff
                [!provide]                PROVIDE (__start_data_RAM2, .)
 *(.ramfunc.$RAM2)
 *(.ramfunc.$RamAHB32)
 *(.data.$RAM2*)
 *(.data.$RamAHB32*)
                0x2007c000                . = ALIGN (0x4)
                [!provide]                PROVIDE (__end_data_RAM2, .)

.uninit_RESERVED
                0x10000000        0x0
 *(.bss.$RESERVED*)
                0x10000000                . = ALIGN (0x4)
                0x10000000                _end_uninit_RESERVED = .

.data           0x10000000       0x10 load address 0x0000ab68
 FILL mask 0xff
                0x10000000                _data = .
 *(vtable)
 *(.ramfunc*)
 *(.data*)
 .data.EnterLabel
                0x10000000        0x4 ./src/GUI.o
 .data.OnLabel  0x10000004        0x4 ./src/GUI.o
 .data.OffLabel
                0x10000008        0x4 ./src/GUI.o
 .data.SystemCoreClock
                0x1000000c        0x4 C:\Users\Vergil\Documents\LPCXpresso_8.1.4_606\workspace\CMSISv2p00_LPC17xx\Debug\libCMSISv2p00_LPC17xx.a(system_LPC17xx.o)
                0x1000000c                SystemCoreClock
                0x10000010                . = ALIGN (0x4)
                0x10000010                _edata = .

.igot.plt       0x10000010        0x0 load address 0x0000ab78
 .igot.plt      0x10000010        0x0 ./src/ADC.o

.bss_RAM2       0x2007c000        0x0
                [!provide]                PROVIDE (__start_bss_RAM2, .)
 *(.bss.$RAM2*)
 *(.bss.$RamAHB32*)
                0x2007c000                . = ALIGN ((. != 0x0)?0x4:0x1)
                [!provide]                PROVIDE (__end_bss_RAM2, .)

.bss            0x10000010      0x428
                0x10000010                _bss = .
 *(.bss*)
 .bss.TimingDelay
                0x10000010        0x4 ./src/DELAY.o
                0x10000010                TimingDelay
 .bss.HomeButtons
                0x10000014      0x140 ./src/GUI.o
                0x10000014                HomeButtons
 .bss.MainButtons
                0x10000154      0x140 ./src/GUI.o
                0x10000154                MainButtons
 .bss.MainButtonLayout
                0x10000294        0x4 ./src/GUI.o
                0x10000294                MainButtonLayout
 .bss.UpdateTime
                0x10000298        0x4 ./src/GUI.o
                0x10000298                UpdateTime
 .bss.UpdateTemp
                0x1000029c        0x4 ./src/GUI.o
                0x1000029c                UpdateTemp
 .bss.AlarmHit  0x100002a0        0x4 ./src/GUI.o
                0x100002a0                AlarmHit
 .bss.KeyboardHit
                0x100002a4        0x4 ./src/GUI.o
                0x100002a4                KeyboardHit
 .bss.light_on  0x100002a8        0x1 ./src/GUI.o
                0x100002a8                light_on
 .bss.light_off
                0x100002a9        0x1 ./src/GUI.o
                0x100002a9                light_off
 .bss.fan_on    0x100002aa        0x1 ./src/GUI.o
                0x100002aa                fan_on
 .bss.fan_off   0x100002ab        0x1 ./src/GUI.o
                0x100002ab                fan_off
 .bss.orientation
                0x100002ac        0x4 ./src/LCD.o
                0x100002ac                orientation
 .bss.char_x    0x100002b0        0x4 ./src/LCD.o
                0x100002b0                char_x
 .bss.char_y    0x100002b4        0x4 ./src/LCD.o
                0x100002b4                char_y
 .bss.foreground
                0x100002b8        0x2 ./src/LCD.o
                0x100002b8                foreground
 .bss.background
                0x100002ba        0x2 ./src/LCD.o
                0x100002ba                background
 .bss.font      0x100002bc        0x4 ./src/LCD.o
                0x100002bc                font
 .bss.updateCallback
                0x100002c0        0x4 ./src/RTC.o
                0x100002c0                updateCallback
 .bss.alarmCallback
                0x100002c4        0x4 ./src/RTC.o
                0x100002c4                alarmCallback
 .bss.HasTouched
                0x100002c8        0x4 ./src/XPT2046.o
                0x100002c8                HasTouched
 .bss.xraw      0x100002cc        0x2 ./src/XPT2046.o
                0x100002cc                xraw
 .bss.yraw      0x100002ce        0x2 ./src/XPT2046.o
                0x100002ce                yraw
 .bss.i2cdat    0x100002d0       0x18 ./Drivers/Src/lpc17xx_i2c.o
 .bss._extra    0x100002e8        0x4 c:/nxp/lpcxpresso_8.1.4_606/lpcxpresso/tools/bin/../lib/gcc/arm-none-eabi/5.2.1/../../../../arm-none-eabi/lib/armv7-m\libcr_c.a(initio.o)
                0x100002e8                _extra
 .bss.__Ciob    0x100002ec      0x140 c:/nxp/lpcxpresso_8.1.4_606/lpcxpresso/tools/bin/../lib/gcc/arm-none-eabi/5.2.1/../../../../arm-none-eabi/lib/armv7-m\libcr_c.a(stdio.o)
                0x100002ec                __Ciob
 .bss.errno     0x1000042c        0x4 c:/nxp/lpcxpresso_8.1.4_606/lpcxpresso/tools/bin/../lib/gcc/arm-none-eabi/5.2.1/../../../../arm-none-eabi/lib/armv7-m\libcr_c.a(errno.o)
                0x1000042c                errno
 .bss.__heaps   0x10000430        0x4 c:/nxp/lpcxpresso_8.1.4_606/lpcxpresso/tools/bin/../lib/gcc/arm-none-eabi/5.2.1/../../../../arm-none-eabi/lib/armv7-m\libcr_c.a(__init_alloc.o)
                0x10000430                __heaps
 .bss.__end_of_heap
                0x10000434        0x4 c:/nxp/lpcxpresso_8.1.4_606/lpcxpresso/tools/bin/../lib/gcc/arm-none-eabi/5.2.1/../../../../arm-none-eabi/lib/armv7-m\libcr_c.a(__init_alloc.o)
                0x10000434                __end_of_heap
 *(COMMON)
                0x10000438                . = ALIGN (0x4)
                0x10000438                _ebss = .
                [!provide]                PROVIDE (end, .)

.noinit_RAM2    0x2007c000        0x0
 *(.noinit.$RAM2*)
 *(.noinit.$RamAHB32*)
                0x2007c000                . = ALIGN (0x4)

.noinit         0x10000438        0x0
                0x10000438                _noinit = .
 *(.noinit*)
                0x10000438                . = ALIGN (0x4)
                0x10000438                _end_noinit = .
                0x10000438                PROVIDE (_pvHeapStart, DEFINED (__user_heap_base)?__user_heap_base:.)
                0x10008000                PROVIDE (_vStackTop, DEFINED (__user_stack_top)?__user_stack_top:(__top_RamLoc32 - 0x0))
                0xefff74b2                PROVIDE (__valid_user_code_checksum, (0x0 - ((((((_vStackTop + (ResetISR + 0x1)) + (NMI_Handler + 0x1)) + (HardFault_Handler + 0x1)) + (DEFINED (MemManage_Handler)?MemManage_Handler:0x0 + 0x1)) + (DEFINED (BusFault_Handler)?BusFault_Handler:0x0 + 0x1)) + (DEFINED (UsageFault_Handler)?UsageFault_Handler:0x0 + 0x1))))
OUTPUT(LPC1769_NYP.axf elf32-littlearm)

.debug_info     0x00000000     0xb220
 .debug_info    0x00000000      0x30b ./src/ADC.o
 .debug_info    0x0000030b      0x31e ./src/BH1750.o
 .debug_info    0x00000629      0x3f9 ./src/BUTTON.o
 .debug_info    0x00000a22      0x11a ./src/DELAY.o
 .debug_info    0x00000b3c      0x995 ./src/EXTI.o
 .debug_info    0x000014d1      0x1ba ./src/GPIO.o
 .debug_info    0x0000168b      0xa52 ./src/GUI.o
 .debug_info    0x000020dd      0x3ba ./src/HTU21D.o
 .debug_info    0x00002497      0x3ea ./src/I2C.o
 .debug_info    0x00002881      0xb48 ./src/LCD.o
 .debug_info    0x000033c9      0x965 ./src/RTC.o
 .debug_info    0x00003d2e      0x319 ./src/SEVENSEGMENT.o
 .debug_info    0x00004047      0x4a5 ./src/SSP0.o
 .debug_info    0x000044ec      0x8a6 ./src/SSP1.o
 .debug_info    0x00004d92      0x609 ./src/UART.o
 .debug_info    0x0000539b      0x28c ./src/XPT2046.o
 .debug_info    0x00005627      0x24e ./src/cr_startup_lpc175x_6x.o
 .debug_info    0x00005875       0x3f ./src/crp.o
 .debug_info    0x000058b4       0xc7 ./src/main.o
 .debug_info    0x0000597b      0x5e8 ./Drivers/Src/lpc17xx_adc.o
 .debug_info    0x00005f63      0x623 ./Drivers/Src/lpc17xx_clkpwr.o
 .debug_info    0x00006586      0x46d ./Drivers/Src/lpc17xx_exti.o
 .debug_info    0x000069f3      0xd32 ./Drivers/Src/lpc17xx_gpio.o
 .debug_info    0x00007725      0xe2e ./Drivers/Src/lpc17xx_i2c.o
 .debug_info    0x00008553       0xc5 ./Drivers/Src/lpc17xx_libcfg_default.o
 .debug_info    0x00008618      0x45b ./Drivers/Src/lpc17xx_pinsel.o
 .debug_info    0x00008a73      0x957 ./Drivers/Src/lpc17xx_rtc.o
 .debug_info    0x000093ca      0x714 ./Drivers/Src/lpc17xx_ssp.o
 .debug_info    0x00009ade      0x228 ./Drivers/Src/lpc17xx_systick.o
 .debug_info    0x00009d06     0x1202 ./Drivers/Src/lpc17xx_uart.o
 .debug_info    0x0000af08      0x318 C:\Users\Vergil\Documents\LPCXpresso_8.1.4_606\workspace\CMSISv2p00_LPC17xx\Debug\libCMSISv2p00_LPC17xx.a(system_LPC17xx.o)

.debug_abbrev   0x00000000     0x2ac2
 .debug_abbrev  0x00000000      0x111 ./src/ADC.o
 .debug_abbrev  0x00000111      0x11f ./src/BH1750.o
 .debug_abbrev  0x00000230      0x14d ./src/BUTTON.o
 .debug_abbrev  0x0000037d       0xd2 ./src/DELAY.o
 .debug_abbrev  0x0000044f      0x1f0 ./src/EXTI.o
 .debug_abbrev  0x0000063f       0xd6 ./src/GPIO.o
 .debug_abbrev  0x00000715      0x271 ./src/GUI.o
 .debug_abbrev  0x00000986      0x126 ./src/HTU21D.o
 .debug_abbrev  0x00000aac      0x161 ./src/I2C.o
 .debug_abbrev  0x00000c0d      0x1da ./src/LCD.o
 .debug_abbrev  0x00000de7      0x1f6 ./src/RTC.o
 .debug_abbrev  0x00000fdd       0xf4 ./src/SEVENSEGMENT.o
 .debug_abbrev  0x000010d1      0x18a ./src/SSP0.o
 .debug_abbrev  0x0000125b      0x1d9 ./src/SSP1.o
 .debug_abbrev  0x00001434      0x1b8 ./src/UART.o
 .debug_abbrev  0x000015ec      0x150 ./src/XPT2046.o
 .debug_abbrev  0x0000173c       0xf5 ./src/cr_startup_lpc175x_6x.o
 .debug_abbrev  0x00001831       0x36 ./src/crp.o
 .debug_abbrev  0x00001867       0x82 ./src/main.o
 .debug_abbrev  0x000018e9      0x149 ./Drivers/Src/lpc17xx_adc.o
 .debug_abbrev  0x00001a32      0x1cc ./Drivers/Src/lpc17xx_clkpwr.o
 .debug_abbrev  0x00001bfe      0x12e ./Drivers/Src/lpc17xx_exti.o
 .debug_abbrev  0x00001d2c      0x211 ./Drivers/Src/lpc17xx_gpio.o
 .debug_abbrev  0x00001f3d      0x26e ./Drivers/Src/lpc17xx_i2c.o
 .debug_abbrev  0x000021ab       0x6c ./Drivers/Src/lpc17xx_libcfg_default.o
 .debug_abbrev  0x00002217      0x129 ./Drivers/Src/lpc17xx_pinsel.o
 .debug_abbrev  0x00002340      0x191 ./Drivers/Src/lpc17xx_rtc.o
 .debug_abbrev  0x000024d1      0x1c9 ./Drivers/Src/lpc17xx_ssp.o
 .debug_abbrev  0x0000269a      0x124 ./Drivers/Src/lpc17xx_systick.o
 .debug_abbrev  0x000027be      0x21e ./Drivers/Src/lpc17xx_uart.o
 .debug_abbrev  0x000029dc       0xe6 C:\Users\Vergil\Documents\LPCXpresso_8.1.4_606\workspace\CMSISv2p00_LPC17xx\Debug\libCMSISv2p00_LPC17xx.a(system_LPC17xx.o)

.debug_aranges  0x00000000      0xc90
 .debug_aranges
                0x00000000       0x38 ./src/ADC.o
 .debug_aranges
                0x00000038       0x28 ./src/BH1750.o
 .debug_aranges
                0x00000060       0x60 ./src/BUTTON.o
 .debug_aranges
                0x000000c0       0x30 ./src/DELAY.o
 .debug_aranges
                0x000000f0       0x80 ./src/EXTI.o
 .debug_aranges
                0x00000170       0x40 ./src/GPIO.o
 .debug_aranges
                0x000001b0       0x88 ./src/GUI.o
 .debug_aranges
                0x00000238       0x30 ./src/HTU21D.o
 .debug_aranges
                0x00000268       0x38 ./src/I2C.o
 .debug_aranges
                0x000002a0      0x138 ./src/LCD.o
 .debug_aranges
                0x000003d8       0x60 ./src/RTC.o
 .debug_aranges
                0x00000438       0x28 ./src/SEVENSEGMENT.o
 .debug_aranges
                0x00000460       0x60 ./src/SSP0.o
 .debug_aranges
                0x000004c0       0x58 ./src/SSP1.o
 .debug_aranges
                0x00000518       0x40 ./src/UART.o
 .debug_aranges
                0x00000558       0x48 ./src/XPT2046.o
 .debug_aranges
                0x000005a0       0x80 ./src/cr_startup_lpc175x_6x.o
 .debug_aranges
                0x00000620       0x18 ./src/crp.o
 .debug_aranges
                0x00000638       0x28 ./src/main.o
 .debug_aranges
                0x00000660       0x80 ./Drivers/Src/lpc17xx_adc.o
 .debug_aranges
                0x000006e0       0x58 ./Drivers/Src/lpc17xx_clkpwr.o
 .debug_aranges
                0x00000738       0x48 ./Drivers/Src/lpc17xx_exti.o
 .debug_aranges
                0x00000780       0xf8 ./Drivers/Src/lpc17xx_gpio.o
 .debug_aranges
                0x00000878       0xe0 ./Drivers/Src/lpc17xx_i2c.o
 .debug_aranges
                0x00000958       0x20 ./Drivers/Src/lpc17xx_libcfg_default.o
 .debug_aranges
                0x00000978       0x48 ./Drivers/Src/lpc17xx_pinsel.o
 .debug_aranges
                0x000009c0       0xb8 ./Drivers/Src/lpc17xx_rtc.o
 .debug_aranges
                0x00000a78       0xa8 ./Drivers/Src/lpc17xx_ssp.o
 .debug_aranges
                0x00000b20       0x48 ./Drivers/Src/lpc17xx_systick.o
 .debug_aranges
                0x00000b68      0x100 ./Drivers/Src/lpc17xx_uart.o
 .debug_aranges
                0x00000c68       0x28 C:\Users\Vergil\Documents\LPCXpresso_8.1.4_606\workspace\CMSISv2p00_LPC17xx\Debug\libCMSISv2p00_LPC17xx.a(system_LPC17xx.o)

.debug_ranges   0x00000000      0xa98
 .debug_ranges  0x00000000       0x28 ./src/ADC.o
 .debug_ranges  0x00000028       0x18 ./src/BH1750.o
 .debug_ranges  0x00000040       0x50 ./src/BUTTON.o
 .debug_ranges  0x00000090       0x20 ./src/DELAY.o
 .debug_ranges  0x000000b0       0x70 ./src/EXTI.o
 .debug_ranges  0x00000120       0x30 ./src/GPIO.o
 .debug_ranges  0x00000150       0x78 ./src/GUI.o
 .debug_ranges  0x000001c8       0x20 ./src/HTU21D.o
 .debug_ranges  0x000001e8       0x28 ./src/I2C.o
 .debug_ranges  0x00000210      0x128 ./src/LCD.o
 .debug_ranges  0x00000338       0x50 ./src/RTC.o
 .debug_ranges  0x00000388       0x18 ./src/SEVENSEGMENT.o
 .debug_ranges  0x000003a0       0x50 ./src/SSP0.o
 .debug_ranges  0x000003f0       0x48 ./src/SSP1.o
 .debug_ranges  0x00000438       0x30 ./src/UART.o
 .debug_ranges  0x00000468       0x38 ./src/XPT2046.o
 .debug_ranges  0x000004a0       0x70 ./src/cr_startup_lpc175x_6x.o
 .debug_ranges  0x00000510       0x18 ./src/main.o
 .debug_ranges  0x00000528       0x70 ./Drivers/Src/lpc17xx_adc.o
 .debug_ranges  0x00000598       0x48 ./Drivers/Src/lpc17xx_clkpwr.o
 .debug_ranges  0x000005e0       0x38 ./Drivers/Src/lpc17xx_exti.o
 .debug_ranges  0x00000618       0xe8 ./Drivers/Src/lpc17xx_gpio.o
 .debug_ranges  0x00000700       0xd0 ./Drivers/Src/lpc17xx_i2c.o
 .debug_ranges  0x000007d0       0x10 ./Drivers/Src/lpc17xx_libcfg_default.o
 .debug_ranges  0x000007e0       0x38 ./Drivers/Src/lpc17xx_pinsel.o
 .debug_ranges  0x00000818       0xa8 ./Drivers/Src/lpc17xx_rtc.o
 .debug_ranges  0x000008c0       0x98 ./Drivers/Src/lpc17xx_ssp.o
 .debug_ranges  0x00000958       0x38 ./Drivers/Src/lpc17xx_systick.o
 .debug_ranges  0x00000990       0xf0 ./Drivers/Src/lpc17xx_uart.o
 .debug_ranges  0x00000a80       0x18 C:\Users\Vergil\Documents\LPCXpresso_8.1.4_606\workspace\CMSISv2p00_LPC17xx\Debug\libCMSISv2p00_LPC17xx.a(system_LPC17xx.o)

.debug_macro    0x00000000     0x5dff
 .debug_macro   0x00000000       0xb2 ./src/ADC.o
 .debug_macro   0x000000b2      0x88c ./src/ADC.o
 .debug_macro   0x0000093e       0x1c ./src/ADC.o
 .debug_macro   0x0000095a       0x2e ./src/ADC.o
 .debug_macro   0x00000988       0x10 ./src/ADC.o
 .debug_macro   0x00000998      0x12d ./src/ADC.o
 .debug_macro   0x00000ac5      0x5b2 ./src/ADC.o
 .debug_macro   0x00001077       0x18 ./src/ADC.o
 .debug_macro   0x0000108f      0x7af ./src/ADC.o
 .debug_macro   0x0000183e      0x2c7 ./src/ADC.o
 .debug_macro   0x00001b05       0x66 ./src/ADC.o
 .debug_macro   0x00001b6b       0xe8 ./src/ADC.o
 .debug_macro   0x00001c53      0x2fc ./src/ADC.o
 .debug_macro   0x00001f4f      0x146 ./src/ADC.o
 .debug_macro   0x00002095       0x1c ./src/ADC.o
 .debug_macro   0x000020b1       0xae ./src/BH1750.o
 .debug_macro   0x0000215f       0x46 ./src/BH1750.o
 .debug_macro   0x000021a5       0x1c ./src/BH1750.o
 .debug_macro   0x000021c1      0x2c7 ./src/BH1750.o
 .debug_macro   0x00002488      0x140 ./src/BH1750.o
 .debug_macro   0x000025c8       0x1c ./src/BH1750.o
 .debug_macro   0x000025e4      0x1eb ./src/BH1750.o
 .debug_macro   0x000027cf       0xaf ./src/BUTTON.o
 .debug_macro   0x0000287e       0x34 ./src/BUTTON.o
 .debug_macro   0x000028b2       0x9a ./src/BUTTON.o
 .debug_macro   0x0000294c       0x97 ./src/DELAY.o
 .debug_macro   0x000029e3       0x46 ./src/DELAY.o
 .debug_macro   0x00002a29       0xbb ./src/EXTI.o
 .debug_macro   0x00002ae4       0x2e ./src/EXTI.o
 .debug_macro   0x00002b12       0x52 ./src/EXTI.o
 .debug_macro   0x00002b64       0x22 ./src/EXTI.o
 .debug_macro   0x00002b86       0x2e ./src/EXTI.o
 .debug_macro   0x00002bb4       0xae ./src/GPIO.o
 .debug_macro   0x00002c62       0x28 ./src/GPIO.o
 .debug_macro   0x00002c8a      0x16a ./src/GUI.o
 .debug_macro   0x00002df4       0xa0 ./src/GUI.o
 .debug_macro   0x00002e94       0x3a ./src/GUI.o
 .debug_macro   0x00002ece      0x1b1 ./src/GUI.o
 .debug_macro   0x0000307f       0x34 ./src/GUI.o
 .debug_macro   0x000030b3       0x1c ./src/GUI.o
 .debug_macro   0x000030cf       0x1c ./src/GUI.o
 .debug_macro   0x000030eb       0x1c ./src/GUI.o
 .debug_macro   0x00003107       0x22 ./src/GUI.o
 .debug_macro   0x00003129       0x9a ./src/GUI.o
 .debug_macro   0x000031c3       0x22 ./src/GUI.o
 .debug_macro   0x000031e5       0xae ./src/HTU21D.o
 .debug_macro   0x00003293      0x1e5 ./src/HTU21D.o
 .debug_macro   0x00003478       0xae ./src/I2C.o
 .debug_macro   0x00003526       0xf4 ./src/LCD.o
 .debug_macro   0x0000361a       0x5f ./src/LCD.o
 .debug_macro   0x00003679      0x2a7 ./src/LCD.o
 .debug_macro   0x00003920       0x7c ./src/LCD.o
 .debug_macro   0x0000399c       0x9b ./src/RTC.o
 .debug_macro   0x00003a37      0x1ab ./src/RTC.o
 .debug_macro   0x00003be2       0xae ./src/SEVENSEGMENT.o
 .debug_macro   0x00003c90       0xc4 ./src/SSP0.o
 .debug_macro   0x00003d54       0x76 ./src/SSP0.o
 .debug_macro   0x00003dca       0xc4 ./src/SSP1.o
 .debug_macro   0x00003e8e       0x3a ./src/SSP1.o
 .debug_macro   0x00003ec8       0xc5 ./src/UART.o
 .debug_macro   0x00003f8d       0x1c ./src/UART.o
 .debug_macro   0x00003fa9      0x344 ./src/UART.o
 .debug_macro   0x000042ed       0x7c ./src/UART.o
 .debug_macro   0x00004369       0xd7 ./src/XPT2046.o
 .debug_macro   0x00004440       0xa0 ./src/XPT2046.o
 .debug_macro   0x000044e0       0x16 ./src/XPT2046.o
 .debug_macro   0x000044f6       0x40 ./src/XPT2046.o
 .debug_macro   0x00004536       0x1d ./src/cr_startup_lpc175x_6x.o
 .debug_macro   0x00004553       0x1a ./src/crp.o
 .debug_macro   0x0000456d       0x34 ./src/crp.o
 .debug_macro   0x000045a1      0x154 ./src/main.o
 .debug_macro   0x000046f5       0x22 ./src/main.o
 .debug_macro   0x00004717       0x9f ./Drivers/Src/lpc17xx_adc.o
 .debug_macro   0x000047b6       0x8d ./Drivers/Src/lpc17xx_clkpwr.o
 .debug_macro   0x00004843      0x2f6 ./Drivers/Src/lpc17xx_clkpwr.o
 .debug_macro   0x00004b39       0x96 ./Drivers/Src/lpc17xx_exti.o
 .debug_macro   0x00004bcf       0x1c ./Drivers/Src/lpc17xx_exti.o
 .debug_macro   0x00004beb       0x96 ./Drivers/Src/lpc17xx_gpio.o
 .debug_macro   0x00004c81       0x4c ./Drivers/Src/lpc17xx_gpio.o
 .debug_macro   0x00004ccd       0xa8 ./Drivers/Src/lpc17xx_i2c.o
 .debug_macro   0x00004d75       0x5a ./Drivers/Src/lpc17xx_libcfg_default.o
 .debug_macro   0x00004dcf       0xd5 ./Drivers/Src/lpc17xx_libcfg_default.o
 .debug_macro   0x00004ea4       0x8d ./Drivers/Src/lpc17xx_pinsel.o
 .debug_macro   0x00004f31       0x9f ./Drivers/Src/lpc17xx_rtc.o
 .debug_macro   0x00004fd0       0x9f ./Drivers/Src/lpc17xx_ssp.o
 .debug_macro   0x0000506f      0x2a1 ./Drivers/Src/lpc17xx_ssp.o
 .debug_macro   0x00005310       0x9f ./Drivers/Src/lpc17xx_systick.o
 .debug_macro   0x000053af       0x9f ./Drivers/Src/lpc17xx_uart.o
 .debug_macro   0x0000544e      0x12b C:\Users\Vergil\Documents\LPCXpresso_8.1.4_606\workspace\CMSISv2p00_LPC17xx\Debug\libCMSISv2p00_LPC17xx.a(system_LPC17xx.o)
 .debug_macro   0x00005579      0x886 C:\Users\Vergil\Documents\LPCXpresso_8.1.4_606\workspace\CMSISv2p00_LPC17xx\Debug\libCMSISv2p00_LPC17xx.a(system_LPC17xx.o)

.debug_line     0x00000000     0x7333
 .debug_line    0x00000000      0x2da ./src/ADC.o
 .debug_line    0x000002da      0x2b2 ./src/BH1750.o
 .debug_line    0x0000058c      0x3d3 ./src/BUTTON.o
 .debug_line    0x0000095f      0x296 ./src/DELAY.o
 .debug_line    0x00000bf5      0x3a7 ./src/EXTI.o
 .debug_line    0x00000f9c      0x2ec ./src/GPIO.o
 .debug_line    0x00001288      0x5cf ./src/GUI.o
 .debug_line    0x00001857      0x2cc ./src/HTU21D.o
 .debug_line    0x00001b23      0x2d4 ./src/I2C.o
 .debug_line    0x00001df7      0x82e ./src/LCD.o
 .debug_line    0x00002625      0x33b ./src/RTC.o
 .debug_line    0x00002960      0x2b1 ./src/SEVENSEGMENT.o
 .debug_line    0x00002c11      0x3a7 ./src/SSP0.o
 .debug_line    0x00002fb8      0x383 ./src/SSP1.o
 .debug_line    0x0000333b      0x343 ./src/UART.o
 .debug_line    0x0000367e      0x34b ./src/XPT2046.o
 .debug_line    0x000039c9       0xd5 ./src/cr_startup_lpc175x_6x.o
 .debug_line    0x00003a9e       0x78 ./src/crp.o
 .debug_line    0x00003b16      0x35f ./src/main.o
 .debug_line    0x00003e75      0x43e ./Drivers/Src/lpc17xx_adc.o
 .debug_line    0x000042b3      0x306 ./Drivers/Src/lpc17xx_clkpwr.o
 .debug_line    0x000045b9      0x2a3 ./Drivers/Src/lpc17xx_exti.o
 .debug_line    0x0000485c      0x50b ./Drivers/Src/lpc17xx_gpio.o
 .debug_line    0x00004d67      0x70f ./Drivers/Src/lpc17xx_i2c.o
 .debug_line    0x00005476      0x196 ./Drivers/Src/lpc17xx_libcfg_default.o
 .debug_line    0x0000560c      0x29e ./Drivers/Src/lpc17xx_pinsel.o
 .debug_line    0x000058aa      0x6c2 ./Drivers/Src/lpc17xx_rtc.o
 .debug_line    0x00005f6c      0x5b5 ./Drivers/Src/lpc17xx_ssp.o
 .debug_line    0x00006521      0x2e6 ./Drivers/Src/lpc17xx_systick.o
 .debug_line    0x00006807      0x959 ./Drivers/Src/lpc17xx_uart.o
 .debug_line    0x00007160      0x1d3 C:\Users\Vergil\Documents\LPCXpresso_8.1.4_606\workspace\CMSISv2p00_LPC17xx\Debug\libCMSISv2p00_LPC17xx.a(system_LPC17xx.o)

.debug_str      0x00000000    0x124d3
 .debug_str     0x00000000     0x9f18 ./src/ADC.o
                               0x9fa6 (size before relaxing)
 .debug_str     0x00009f18      0xcc7 ./src/BH1750.o
                               0x905a (size before relaxing)
 .debug_str     0x0000abdf      0x3ad ./src/BUTTON.o
                               0x8759 (size before relaxing)
 .debug_str     0x0000af8c      0x208 ./src/DELAY.o
                               0x80eb (size before relaxing)
 .debug_str     0x0000b194      0xa2d ./src/EXTI.o
                               0x8dff (size before relaxing)
 .debug_str     0x0000bbc1       0x55 ./src/GPIO.o
                               0x992a (size before relaxing)
 .debug_str     0x0000bc16     0x105a ./src/GUI.o
                               0x9abc (size before relaxing)
 .debug_str     0x0000cc70       0x81 ./src/HTU21D.o
                               0x8fe3 (size before relaxing)
 .debug_str     0x0000ccf1       0xac ./src/I2C.o
                               0xa1cd (size before relaxing)
 .debug_str     0x0000cd9d     0x149e ./src/LCD.o
                               0xafe5 (size before relaxing)
 .debug_str     0x0000e23b      0x16e ./src/RTC.o
                               0x8cc8 (size before relaxing)
 .debug_str     0x0000e3a9       0x39 ./src/SEVENSEGMENT.o
                               0x8f6d (size before relaxing)
 .debug_str     0x0000e3e2      0x22f ./src/SSP0.o
                               0xacee (size before relaxing)
 .debug_str     0x0000e611      0x368 ./src/SSP1.o
                               0xad7d (size before relaxing)
 .debug_str     0x0000e979     0x1c0b ./src/UART.o
                               0xb2c4 (size before relaxing)
 .debug_str     0x00010584       0x9e ./src/XPT2046.o
                               0x9b04 (size before relaxing)
 .debug_str     0x00010622      0x1b2 ./src/cr_startup_lpc175x_6x.o
                               0x26c0 (size before relaxing)
 .debug_str     0x000107d4       0xe9 ./src/crp.o
                               0x25d8 (size before relaxing)
 .debug_str     0x000108bd       0x24 ./src/main.o
                               0x98d6 (size before relaxing)
 .debug_str     0x000108e1      0x2f0 ./Drivers/Src/lpc17xx_adc.o
                               0x9d35 (size before relaxing)
 .debug_str     0x00010bd1       0xe3 ./Drivers/Src/lpc17xx_clkpwr.o
                               0x937c (size before relaxing)
 .debug_str     0x00010cb4       0x82 ./Drivers/Src/lpc17xx_exti.o
                               0x838a (size before relaxing)
 .debug_str     0x00010d36      0x301 ./Drivers/Src/lpc17xx_gpio.o
                               0x86f0 (size before relaxing)
 .debug_str     0x00011037      0x367 ./Drivers/Src/lpc17xx_i2c.o
                               0xa82e (size before relaxing)
 .debug_str     0x0001139e       0x3a ./Drivers/Src/lpc17xx_libcfg_default.o
                               0x3f7d (size before relaxing)
 .debug_str     0x000113d8      0x105 ./Drivers/Src/lpc17xx_pinsel.o
                               0x85f4 (size before relaxing)
 .debug_str     0x000114dd      0x1c6 ./Drivers/Src/lpc17xx_rtc.o
                               0x9ebe (size before relaxing)
 .debug_str     0x000116a3      0x224 ./Drivers/Src/lpc17xx_ssp.o
                               0xa54c (size before relaxing)
 .debug_str     0x000118c7       0xc1 ./Drivers/Src/lpc17xx_systick.o
                               0x94f1 (size before relaxing)
 .debug_str     0x00011988      0x745 ./Drivers/Src/lpc17xx_uart.o
                               0xb3b6 (size before relaxing)
 .debug_str     0x000120cd      0x406 C:\Users\Vergil\Documents\LPCXpresso_8.1.4_606\workspace\CMSISv2p00_LPC17xx\Debug\libCMSISv2p00_LPC17xx.a(system_LPC17xx.o)
                               0x814c (size before relaxing)

.comment        0x00000000       0x6e
 .comment       0x00000000       0x6e ./src/ADC.o
                                 0x6f (size before relaxing)
 .comment       0x0000006e       0x6f ./src/BH1750.o
 .comment       0x0000006e       0x6f ./src/BUTTON.o
 .comment       0x0000006e       0x6f ./src/DELAY.o
 .comment       0x0000006e       0x6f ./src/EXTI.o
 .comment       0x0000006e       0x6f ./src/GPIO.o
 .comment       0x0000006e       0x6f ./src/GUI.o
 .comment       0x0000006e       0x6f ./src/HTU21D.o
 .comment       0x0000006e       0x6f ./src/I2C.o
 .comment       0x0000006e       0x6f ./src/LCD.o
 .comment       0x0000006e       0x6f ./src/RTC.o
 .comment       0x0000006e       0x6f ./src/SEVENSEGMENT.o
 .comment       0x0000006e       0x6f ./src/SSP0.o
 .comment       0x0000006e       0x6f ./src/SSP1.o
 .comment       0x0000006e       0x6f ./src/UART.o
 .comment       0x0000006e       0x6f ./src/XPT2046.o
 .comment       0x0000006e       0x6f ./src/cr_startup_lpc175x_6x.o
 .comment       0x0000006e       0x6f ./src/crp.o
 .comment       0x0000006e       0x6f ./src/main.o
 .comment       0x0000006e       0x6f ./Drivers/Src/lpc17xx_adc.o
 .comment       0x0000006e       0x6f ./Drivers/Src/lpc17xx_clkpwr.o
 .comment       0x0000006e       0x6f ./Drivers/Src/lpc17xx_exti.o
 .comment       0x0000006e       0x6f ./Drivers/Src/lpc17xx_gpio.o
 .comment       0x0000006e       0x6f ./Drivers/Src/lpc17xx_i2c.o
 .comment       0x0000006e       0x6f ./Drivers/Src/lpc17xx_libcfg_default.o
 .comment       0x0000006e       0x6f ./Drivers/Src/lpc17xx_pinsel.o
 .comment       0x0000006e       0x6f ./Drivers/Src/lpc17xx_rtc.o
 .comment       0x0000006e       0x6f ./Drivers/Src/lpc17xx_ssp.o
 .comment       0x0000006e       0x6f ./Drivers/Src/lpc17xx_systick.o
 .comment       0x0000006e       0x6f ./Drivers/Src/lpc17xx_uart.o
 .comment       0x0000006e       0x6f C:\Users\Vergil\Documents\LPCXpresso_8.1.4_606\workspace\CMSISv2p00_LPC17xx\Debug\libCMSISv2p00_LPC17xx.a(system_LPC17xx.o)
 .comment       0x0000006e       0x6f c:/nxp/lpcxpresso_8.1.4_606/lpcxpresso/tools/bin/../lib/gcc/arm-none-eabi/5.2.1/../../../../arm-none-eabi/lib/armv7-m\libcr_semihost.a(_cr__main.o)
 .comment       0x0000006e       0x6f c:/nxp/lpcxpresso_8.1.4_606/lpcxpresso/tools/bin/../lib/gcc/arm-none-eabi/5.2.1/../../../../arm-none-eabi/lib/armv7-m\libcr_c.a(memcpy.o)
 .comment       0x0000006e       0x6f c:/nxp/lpcxpresso_8.1.4_606/lpcxpresso/tools/bin/../lib/gcc/arm-none-eabi/5.2.1/../../../../arm-none-eabi/lib/armv7-m\libcr_c.a(ctype.o)
 .comment       0x0000006e       0x6f c:/nxp/lpcxpresso_8.1.4_606/lpcxpresso/tools/bin/../lib/gcc/arm-none-eabi/5.2.1/../../../../arm-none-eabi/lib/armv7-m\libcr_c.a(fpprintf.o)
 .comment       0x0000006e       0x6f c:/nxp/lpcxpresso_8.1.4_606/lpcxpresso/tools/bin/../lib/gcc/arm-none-eabi/5.2.1/../../../../arm-none-eabi/lib/armv7-m\libcr_c.a(initio.o)
 .comment       0x0000006e       0x6f c:/nxp/lpcxpresso_8.1.4_606/lpcxpresso/tools/bin/../lib/gcc/arm-none-eabi/5.2.1/../../../../arm-none-eabi/lib/armv7-m\libcr_c.a(printf.o)
 .comment       0x0000006e       0x6f c:/nxp/lpcxpresso_8.1.4_606/lpcxpresso/tools/bin/../lib/gcc/arm-none-eabi/5.2.1/../../../../arm-none-eabi/lib/armv7-m\libcr_c.a(setvbuf.o)
 .comment       0x0000006e       0x6f c:/nxp/lpcxpresso_8.1.4_606/lpcxpresso/tools/bin/../lib/gcc/arm-none-eabi/5.2.1/../../../../arm-none-eabi/lib/armv7-m\libcr_c.a(stdio.o)
 .comment       0x0000006e       0x6f c:/nxp/lpcxpresso_8.1.4_606/lpcxpresso/tools/bin/../lib/gcc/arm-none-eabi/5.2.1/../../../../arm-none-eabi/lib/armv7-m\libcr_c.a(strlen.o)
 .comment       0x0000006e       0x6f c:/nxp/lpcxpresso_8.1.4_606/lpcxpresso/tools/bin/../lib/gcc/arm-none-eabi/5.2.1/../../../../arm-none-eabi/lib/armv7-m\libcr_c.a(memset.o)
 .comment       0x0000006e       0x6f c:/nxp/lpcxpresso_8.1.4_606/lpcxpresso/tools/bin/../lib/gcc/arm-none-eabi/5.2.1/../../../../arm-none-eabi/lib/armv7-m\libcr_c.a(_deferredlazyseek.o)
 .comment       0x0000006e       0x6f c:/nxp/lpcxpresso_8.1.4_606/lpcxpresso/tools/bin/../lib/gcc/arm-none-eabi/5.2.1/../../../../arm-none-eabi/lib/armv7-m\libcr_c.a(_fdopen.o)
 .comment       0x0000006e       0x6f c:/nxp/lpcxpresso_8.1.4_606/lpcxpresso/tools/bin/../lib/gcc/arm-none-eabi/5.2.1/../../../../arm-none-eabi/lib/armv7-m\libcr_c.a(_fflush.o)
 .comment       0x0000006e       0x6f c:/nxp/lpcxpresso_8.1.4_606/lpcxpresso/tools/bin/../lib/gcc/arm-none-eabi/5.2.1/../../../../arm-none-eabi/lib/armv7-m\libcr_c.a(_frexpl.o)
 .comment       0x0000006e       0x6f c:/nxp/lpcxpresso_8.1.4_606/lpcxpresso/tools/bin/../lib/gcc/arm-none-eabi/5.2.1/../../../../arm-none-eabi/lib/armv7-m\libcr_c.a(_ldexpl.o)
 .comment       0x0000006e       0x6f c:/nxp/lpcxpresso_8.1.4_606/lpcxpresso/tools/bin/../lib/gcc/arm-none-eabi/5.2.1/../../../../arm-none-eabi/lib/armv7-m\libcr_c.a(_writebuf.o)
 .comment       0x0000006e       0x6f c:/nxp/lpcxpresso_8.1.4_606/lpcxpresso/tools/bin/../lib/gcc/arm-none-eabi/5.2.1/../../../../arm-none-eabi/lib/armv7-m\libcr_c.a(alloc.o)
 .comment       0x0000006e       0x6f c:/nxp/lpcxpresso_8.1.4_606/lpcxpresso/tools/bin/../lib/gcc/arm-none-eabi/5.2.1/../../../../arm-none-eabi/lib/armv7-m\libcr_c.a(errno.o)
 .comment       0x0000006e       0x6f c:/nxp/lpcxpresso_8.1.4_606/lpcxpresso/tools/bin/../lib/gcc/arm-none-eabi/5.2.1/../../../../arm-none-eabi/lib/armv7-m\libcr_c.a(fclose.o)
 .comment       0x0000006e       0x6f c:/nxp/lpcxpresso_8.1.4_606/lpcxpresso/tools/bin/../lib/gcc/arm-none-eabi/5.2.1/../../../../arm-none-eabi/lib/armv7-m\libcr_c.a(fflush.o)
 .comment       0x0000006e       0x6f c:/nxp/lpcxpresso_8.1.4_606/lpcxpresso/tools/bin/../lib/gcc/arm-none-eabi/5.2.1/../../../../arm-none-eabi/lib/armv7-m\libcr_c.a(fseek.o)
 .comment       0x0000006e       0x6f c:/nxp/lpcxpresso_8.1.4_606/lpcxpresso/tools/bin/../lib/gcc/arm-none-eabi/5.2.1/../../../../arm-none-eabi/lib/armv7-m\libcr_c.a(ftell.o)
 .comment       0x0000006e       0x6f c:/nxp/lpcxpresso_8.1.4_606/lpcxpresso/tools/bin/../lib/gcc/arm-none-eabi/5.2.1/../../../../arm-none-eabi/lib/armv7-m\libcr_c.a(remove.o)
 .comment       0x0000006e       0x6f c:/nxp/lpcxpresso_8.1.4_606/lpcxpresso/tools/bin/../lib/gcc/arm-none-eabi/5.2.1/../../../../arm-none-eabi/lib/armv7-m\libcr_c.a(__init_alloc.o)
 .comment       0x0000006e       0x6f c:/nxp/lpcxpresso_8.1.4_606/lpcxpresso/tools/bin/../lib/gcc/arm-none-eabi/5.2.1/../../../../arm-none-eabi/lib/armv7-m\libcr_c.a(_cr_sbrk.o)
 .comment       0x0000006e       0x6f c:/nxp/lpcxpresso_8.1.4_606/lpcxpresso/tools/bin/../lib/gcc/arm-none-eabi/5.2.1/../../../../arm-none-eabi/lib/armv7-m\libcr_c.a(_do_fflush.o)
 .comment       0x0000006e       0x6f c:/nxp/lpcxpresso_8.1.4_606/lpcxpresso/tools/bin/../lib/gcc/arm-none-eabi/5.2.1/../../../../arm-none-eabi/lib/armv7-m\libcr_c.a(_hugeval.o)
 .comment       0x0000006e       0x6f c:/nxp/lpcxpresso_8.1.4_606/lpcxpresso/tools/bin/../lib/gcc/arm-none-eabi/5.2.1/../../../../arm-none-eabi/lib/armv7-m\libcr_c.a(_cr_check_heap.o)
 .comment       0x0000006e       0x6f c:/nxp/lpcxpresso_8.1.4_606/lpcxpresso/tools/bin/../lib/gcc/arm-none-eabi/5.2.1/armv7-m\libcr_eabihelpers.a(double.o)
 .comment       0x0000006e       0x6f c:/nxp/lpcxpresso_8.1.4_606/lpcxpresso/tools/bin/../lib/gcc/arm-none-eabi/5.2.1/armv7-m\libcr_eabihelpers.a(float.o)

.ARM.attributes
                0x00000000       0x31
 .ARM.attributes
                0x00000000       0x33 ./src/ADC.o
 .ARM.attributes
                0x00000033       0x33 ./src/BH1750.o
 .ARM.attributes
                0x00000066       0x33 ./src/BUTTON.o
 .ARM.attributes
                0x00000099       0x33 ./src/DELAY.o
 .ARM.attributes
                0x000000cc       0x33 ./src/EXTI.o
 .ARM.attributes
                0x000000ff       0x33 ./src/GPIO.o
 .ARM.attributes
                0x00000132       0x33 ./src/GUI.o
 .ARM.attributes
                0x00000165       0x33 ./src/HTU21D.o
 .ARM.attributes
                0x00000198       0x33 ./src/I2C.o
 .ARM.attributes
                0x000001cb       0x33 ./src/LCD.o
 .ARM.attributes
                0x000001fe       0x33 ./src/RTC.o
 .ARM.attributes
                0x00000231       0x33 ./src/SEVENSEGMENT.o
 .ARM.attributes
                0x00000264       0x33 ./src/SSP0.o
 .ARM.attributes
                0x00000297       0x33 ./src/SSP1.o
 .ARM.attributes
                0x000002ca       0x33 ./src/UART.o
 .ARM.attributes
                0x000002fd       0x33 ./src/XPT2046.o
 .ARM.attributes
                0x00000330       0x33 ./src/cr_startup_lpc175x_6x.o
 .ARM.attributes
                0x00000363       0x33 ./src/crp.o
 .ARM.attributes
                0x00000396       0x33 ./src/main.o
 .ARM.attributes
                0x000003c9       0x33 ./Drivers/Src/lpc17xx_adc.o
 .ARM.attributes
                0x000003fc       0x33 ./Drivers/Src/lpc17xx_clkpwr.o
 .ARM.attributes
                0x0000042f       0x33 ./Drivers/Src/lpc17xx_exti.o
 .ARM.attributes
                0x00000462       0x33 ./Drivers/Src/lpc17xx_gpio.o
 .ARM.attributes
                0x00000495       0x33 ./Drivers/Src/lpc17xx_i2c.o
 .ARM.attributes
                0x000004c8       0x33 ./Drivers/Src/lpc17xx_libcfg_default.o
 .ARM.attributes
                0x000004fb       0x33 ./Drivers/Src/lpc17xx_pinsel.o
 .ARM.attributes
                0x0000052e       0x33 ./Drivers/Src/lpc17xx_rtc.o
 .ARM.attributes
                0x00000561       0x33 ./Drivers/Src/lpc17xx_ssp.o
 .ARM.attributes
                0x00000594       0x33 ./Drivers/Src/lpc17xx_systick.o
 .ARM.attributes
                0x000005c7       0x33 ./Drivers/Src/lpc17xx_uart.o
 .ARM.attributes
                0x000005fa       0x33 C:\Users\Vergil\Documents\LPCXpresso_8.1.4_606\workspace\CMSISv2p00_LPC17xx\Debug\libCMSISv2p00_LPC17xx.a(system_LPC17xx.o)
 .ARM.attributes
                0x0000062d       0x33 c:/nxp/lpcxpresso_8.1.4_606/lpcxpresso/tools/bin/../lib/gcc/arm-none-eabi/5.2.1/../../../../arm-none-eabi/lib/armv7-m\libcr_semihost.a(_cr__main.o)
 .ARM.attributes
                0x00000660       0x33 c:/nxp/lpcxpresso_8.1.4_606/lpcxpresso/tools/bin/../lib/gcc/arm-none-eabi/5.2.1/../../../../arm-none-eabi/lib/armv7-m\libcr_c.a(memcpy.o)
 .ARM.attributes
                0x00000693       0x33 c:/nxp/lpcxpresso_8.1.4_606/lpcxpresso/tools/bin/../lib/gcc/arm-none-eabi/5.2.1/../../../../arm-none-eabi/lib/armv7-m\libcr_c.a(ctype.o)
 .ARM.attributes
                0x000006c6       0x33 c:/nxp/lpcxpresso_8.1.4_606/lpcxpresso/tools/bin/../lib/gcc/arm-none-eabi/5.2.1/../../../../arm-none-eabi/lib/armv7-m\libcr_c.a(fpprintf.o)
 .ARM.attributes
                0x000006f9       0x33 c:/nxp/lpcxpresso_8.1.4_606/lpcxpresso/tools/bin/../lib/gcc/arm-none-eabi/5.2.1/../../../../arm-none-eabi/lib/armv7-m\libcr_c.a(initio.o)
 .ARM.attributes
                0x0000072c       0x33 c:/nxp/lpcxpresso_8.1.4_606/lpcxpresso/tools/bin/../lib/gcc/arm-none-eabi/5.2.1/../../../../arm-none-eabi/lib/armv7-m\libcr_c.a(printf.o)
 .ARM.attributes
                0x0000075f       0x33 c:/nxp/lpcxpresso_8.1.4_606/lpcxpresso/tools/bin/../lib/gcc/arm-none-eabi/5.2.1/../../../../arm-none-eabi/lib/armv7-m\libcr_c.a(setvbuf.o)
 .ARM.attributes
                0x00000792       0x33 c:/nxp/lpcxpresso_8.1.4_606/lpcxpresso/tools/bin/../lib/gcc/arm-none-eabi/5.2.1/../../../../arm-none-eabi/lib/armv7-m\libcr_c.a(stdio.o)
 .ARM.attributes
                0x000007c5       0x33 c:/nxp/lpcxpresso_8.1.4_606/lpcxpresso/tools/bin/../lib/gcc/arm-none-eabi/5.2.1/../../../../arm-none-eabi/lib/armv7-m\libcr_c.a(strlen.o)
 .ARM.attributes
                0x000007f8       0x33 c:/nxp/lpcxpresso_8.1.4_606/lpcxpresso/tools/bin/../lib/gcc/arm-none-eabi/5.2.1/../../../../arm-none-eabi/lib/armv7-m\libcr_c.a(memset.o)
 .ARM.attributes
                0x0000082b       0x33 c:/nxp/lpcxpresso_8.1.4_606/lpcxpresso/tools/bin/../lib/gcc/arm-none-eabi/5.2.1/../../../../arm-none-eabi/lib/armv7-m\libcr_c.a(_deferredlazyseek.o)
 .ARM.attributes
                0x0000085e       0x33 c:/nxp/lpcxpresso_8.1.4_606/lpcxpresso/tools/bin/../lib/gcc/arm-none-eabi/5.2.1/../../../../arm-none-eabi/lib/armv7-m\libcr_c.a(_fdopen.o)
 .ARM.attributes
                0x00000891       0x33 c:/nxp/lpcxpresso_8.1.4_606/lpcxpresso/tools/bin/../lib/gcc/arm-none-eabi/5.2.1/../../../../arm-none-eabi/lib/armv7-m\libcr_c.a(_fflush.o)
 .ARM.attributes
                0x000008c4       0x33 c:/nxp/lpcxpresso_8.1.4_606/lpcxpresso/tools/bin/../lib/gcc/arm-none-eabi/5.2.1/../../../../arm-none-eabi/lib/armv7-m\libcr_c.a(_frexpl.o)
 .ARM.attributes
                0x000008f7       0x33 c:/nxp/lpcxpresso_8.1.4_606/lpcxpresso/tools/bin/../lib/gcc/arm-none-eabi/5.2.1/../../../../arm-none-eabi/lib/armv7-m\libcr_c.a(_ldexpl.o)
 .ARM.attributes
                0x0000092a       0x33 c:/nxp/lpcxpresso_8.1.4_606/lpcxpresso/tools/bin/../lib/gcc/arm-none-eabi/5.2.1/../../../../arm-none-eabi/lib/armv7-m\libcr_c.a(_writebuf.o)
 .ARM.attributes
                0x0000095d       0x33 c:/nxp/lpcxpresso_8.1.4_606/lpcxpresso/tools/bin/../lib/gcc/arm-none-eabi/5.2.1/../../../../arm-none-eabi/lib/armv7-m\libcr_c.a(alloc.o)
 .ARM.attributes
                0x00000990       0x33 c:/nxp/lpcxpresso_8.1.4_606/lpcxpresso/tools/bin/../lib/gcc/arm-none-eabi/5.2.1/../../../../arm-none-eabi/lib/armv7-m\libcr_c.a(errno.o)
 .ARM.attributes
                0x000009c3       0x33 c:/nxp/lpcxpresso_8.1.4_606/lpcxpresso/tools/bin/../lib/gcc/arm-none-eabi/5.2.1/../../../../arm-none-eabi/lib/armv7-m\libcr_c.a(fclose.o)
 .ARM.attributes
                0x000009f6       0x33 c:/nxp/lpcxpresso_8.1.4_606/lpcxpresso/tools/bin/../lib/gcc/arm-none-eabi/5.2.1/../../../../arm-none-eabi/lib/armv7-m\libcr_c.a(fflush.o)
 .ARM.attributes
                0x00000a29       0x33 c:/nxp/lpcxpresso_8.1.4_606/lpcxpresso/tools/bin/../lib/gcc/arm-none-eabi/5.2.1/../../../../arm-none-eabi/lib/armv7-m\libcr_c.a(fseek.o)
 .ARM.attributes
                0x00000a5c       0x33 c:/nxp/lpcxpresso_8.1.4_606/lpcxpresso/tools/bin/../lib/gcc/arm-none-eabi/5.2.1/../../../../arm-none-eabi/lib/armv7-m\libcr_c.a(ftell.o)
 .ARM.attributes
                0x00000a8f       0x33 c:/nxp/lpcxpresso_8.1.4_606/lpcxpresso/tools/bin/../lib/gcc/arm-none-eabi/5.2.1/../../../../arm-none-eabi/lib/armv7-m\libcr_c.a(remove.o)
 .ARM.attributes
                0x00000ac2       0x33 c:/nxp/lpcxpresso_8.1.4_606/lpcxpresso/tools/bin/../lib/gcc/arm-none-eabi/5.2.1/../../../../arm-none-eabi/lib/armv7-m\libcr_c.a(__init_alloc.o)
 .ARM.attributes
                0x00000af5       0x33 c:/nxp/lpcxpresso_8.1.4_606/lpcxpresso/tools/bin/../lib/gcc/arm-none-eabi/5.2.1/../../../../arm-none-eabi/lib/armv7-m\libcr_c.a(_cr_sbrk.o)
 .ARM.attributes
                0x00000b28       0x33 c:/nxp/lpcxpresso_8.1.4_606/lpcxpresso/tools/bin/../lib/gcc/arm-none-eabi/5.2.1/../../../../arm-none-eabi/lib/armv7-m\libcr_c.a(_do_fflush.o)
 .ARM.attributes
                0x00000b5b       0x33 c:/nxp/lpcxpresso_8.1.4_606/lpcxpresso/tools/bin/../lib/gcc/arm-none-eabi/5.2.1/../../../../arm-none-eabi/lib/armv7-m\libcr_c.a(_hugeval.o)
 .ARM.attributes
                0x00000b8e       0x33 c:/nxp/lpcxpresso_8.1.4_606/lpcxpresso/tools/bin/../lib/gcc/arm-none-eabi/5.2.1/../../../../arm-none-eabi/lib/armv7-m\libcr_c.a(_cr_check_heap.o)
 .ARM.attributes
                0x00000bc1       0x21 c:/nxp/lpcxpresso_8.1.4_606/lpcxpresso/tools/bin/../lib/gcc/arm-none-eabi/5.2.1/armv7-m\libcr_eabihelpers.a(division_64.o)
 .ARM.attributes
                0x00000be2       0x21 c:/nxp/lpcxpresso_8.1.4_606/lpcxpresso/tools/bin/../lib/gcc/arm-none-eabi/5.2.1/armv7-m\libcr_eabihelpers.a(division_idiv0.o)
 .ARM.attributes
                0x00000c03       0x33 c:/nxp/lpcxpresso_8.1.4_606/lpcxpresso/tools/bin/../lib/gcc/arm-none-eabi/5.2.1/armv7-m\libcr_eabihelpers.a(double.o)
 .ARM.attributes
                0x00000c36       0x33 c:/nxp/lpcxpresso_8.1.4_606/lpcxpresso/tools/bin/../lib/gcc/arm-none-eabi/5.2.1/armv7-m\libcr_eabihelpers.a(float.o)
 .ARM.attributes
                0x00000c69       0x21 c:/nxp/lpcxpresso_8.1.4_606/lpcxpresso/tools/bin/../lib/gcc/arm-none-eabi/5.2.1/armv7-m\libcr_eabihelpers.a(memcpy.o)
 .ARM.attributes
                0x00000c8a       0x21 c:/nxp/lpcxpresso_8.1.4_606/lpcxpresso/tools/bin/../lib/gcc/arm-none-eabi/5.2.1/../../../../arm-none-eabi/lib/armv7-m\libcr_semihost.a(__sys_appexit.o)
 .ARM.attributes
                0x00000cab       0x21 c:/nxp/lpcxpresso_8.1.4_606/lpcxpresso/tools/bin/../lib/gcc/arm-none-eabi/5.2.1/../../../../arm-none-eabi/lib/armv7-m\libcr_semihost.a(__sys_close.o)
 .ARM.attributes
                0x00000ccc       0x21 c:/nxp/lpcxpresso_8.1.4_606/lpcxpresso/tools/bin/../lib/gcc/arm-none-eabi/5.2.1/../../../../arm-none-eabi/lib/armv7-m\libcr_semihost.a(__sys_flen.o)
 .ARM.attributes
                0x00000ced       0x21 c:/nxp/lpcxpresso_8.1.4_606/lpcxpresso/tools/bin/../lib/gcc/arm-none-eabi/5.2.1/../../../../arm-none-eabi/lib/armv7-m\libcr_semihost.a(__sys_istty.o)
 .ARM.attributes
                0x00000d0e       0x21 c:/nxp/lpcxpresso_8.1.4_606/lpcxpresso/tools/bin/../lib/gcc/arm-none-eabi/5.2.1/../../../../arm-none-eabi/lib/armv7-m\libcr_semihost.a(__sys_remove.o)
 .ARM.attributes
                0x00000d2f       0x21 c:/nxp/lpcxpresso_8.1.4_606/lpcxpresso/tools/bin/../lib/gcc/arm-none-eabi/5.2.1/../../../../arm-none-eabi/lib/armv7-m\libcr_semihost.a(__sys_seek.o)
 .ARM.attributes
                0x00000d50       0x21 c:/nxp/lpcxpresso_8.1.4_606/lpcxpresso/tools/bin/../lib/gcc/arm-none-eabi/5.2.1/../../../../arm-none-eabi/lib/armv7-m\libcr_semihost.a(__sys_tmpnam.o)
 .ARM.attributes
                0x00000d71       0x21 c:/nxp/lpcxpresso_8.1.4_606/lpcxpresso/tools/bin/../lib/gcc/arm-none-eabi/5.2.1/../../../../arm-none-eabi/lib/armv7-m\libcr_semihost.a(__sys_write.o)

.debug_frame    0x00000000     0x2cdc
 .debug_frame   0x00000000       0x88 ./src/ADC.o
 .debug_frame   0x00000088       0x5c ./src/BH1750.o
 .debug_frame   0x000000e4      0x174 ./src/BUTTON.o
 .debug_frame   0x00000258       0x74 ./src/DELAY.o
 .debug_frame   0x000002cc      0x1c0 ./src/EXTI.o
 .debug_frame   0x0000048c       0xbc ./src/GPIO.o
 .debug_frame   0x00000548      0x208 ./src/GUI.o
 .debug_frame   0x00000750       0x80 ./src/HTU21D.o
 .debug_frame   0x000007d0       0x98 ./src/I2C.o
 .debug_frame   0x00000868      0x508 ./src/LCD.o
 .debug_frame   0x00000d70      0x14c ./src/RTC.o
 .debug_frame   0x00000ebc       0x58 ./src/SEVENSEGMENT.o
 .debug_frame   0x00000f14      0x154 ./src/SSP0.o
 .debug_frame   0x00001068      0x130 ./src/SSP1.o
 .debug_frame   0x00001198       0xc8 ./src/UART.o
 .debug_frame   0x00001260       0xcc ./src/XPT2046.o
 .debug_frame   0x0000132c      0x170 ./src/cr_startup_lpc175x_6x.o
 .debug_frame   0x0000149c       0x48 ./src/main.o
 .debug_frame   0x000014e4      0x1e8 ./Drivers/Src/lpc17xx_adc.o
 .debug_frame   0x000016cc      0x12c ./Drivers/Src/lpc17xx_clkpwr.o
 .debug_frame   0x000017f8       0xec ./Drivers/Src/lpc17xx_exti.o
 .debug_frame   0x000018e4      0x428 ./Drivers/Src/lpc17xx_gpio.o
 .debug_frame   0x00001d0c      0x3bc ./Drivers/Src/lpc17xx_i2c.o
 .debug_frame   0x000020c8       0x2c ./Drivers/Src/lpc17xx_libcfg_default.o
 .debug_frame   0x000020f4       0xfc ./Drivers/Src/lpc17xx_pinsel.o
 .debug_frame   0x000021f0      0x2e4 ./Drivers/Src/lpc17xx_rtc.o
 .debug_frame   0x000024d4      0x2a0 ./Drivers/Src/lpc17xx_ssp.o
 .debug_frame   0x00002774       0xe0 ./Drivers/Src/lpc17xx_systick.o
 .debug_frame   0x00002854      0x44c ./Drivers/Src/lpc17xx_uart.o
 .debug_frame   0x00002ca0       0x3c C:\Users\Vergil\Documents\LPCXpresso_8.1.4_606\workspace\CMSISv2p00_LPC17xx\Debug\libCMSISv2p00_LPC17xx.a(system_LPC17xx.o)